Component: ARM Compiler 5.06 update 6 (build 750) Tool: armlink [4d35ed]

==============================================================================

Section Cross References

    main.o(.text) refers to beep.o(.text) for Beep_Show
    main.o(.text) refers to stm32f4xx_gpio.o(.text) for GPIO_ResetBits
    main.o(.text) refers to os_time.o(.text) for OSTimeDly
    main.o(.text) refers to stm32f4xx_can.o(.text) for CAN_Transmit
    main.o(.text) refers to visualscope.o(.text) for DataScope_Get_Channel_Data
    main.o(.text) refers to usart1.o(.text) for USART1_Send
    main.o(.text) refers to queue.o(.text) for Can_DeQueue
    main.o(.text) refers to led8.o(.text) for Led8DisData
    main.o(.text) refers to led.o(.text) for Led_Show
    main.o(.text) refers to os_task.o(.text) for OSTaskSuspend
    main.o(.text) refers to usart2.o(.text) for UsartLCDshow
    main.o(.text) refers to os_cpu_c.o(.text) for OS_CPU_SysTickInit
    main.o(.text) refers to os_cpu_a.o(.text) for OS_CPU_SR_Save
    main.o(.text) refers to os_sem.o(.text) for OSSemCreate
    main.o(.text) refers to param.o(.bss) for flag
    main.o(.text) refers to motor.o(.bss) for motor
    main.o(.text) refers to vesc.o(.bss) for VESCmotor
    main.o(.text) refers to main.o(.bss) for Can1_tx_message
    main.o(.text) refers to elmo.o(.bss) for ELMOmotor
    main.o(.text) refers to visualscope.o(.bss) for DataScope_OutPut_Buffer
    main.o(.text) refers to queue.o(.bss) for VESC_Sendqueue
    main.o(.text) refers to param.o(.data) for Error
    main.o(.text) refers to beep.o(.data) for Beep_Count
    main.o(.text) refers to main.o(.data) for RUN
    main.o(.text) refers to delay.o(.text) for Delay_ms
    main.o(.text) refers to stm32f4xx_rcc.o(.text) for RCC_AHB1PeriphClockCmd
    main.o(.text) refers to can1.o(.text) for CAN1_Configuration
    main.o(.text) refers to can2.o(.text) for CAN2_Configuration
    main.o(.text) refers to param.o(.text) for param_Init
    main.o(.text) refers to tim2.o(.text) for TIM2_Init
    main.o(.text) refers to tim3.o(.text) for TIM3_Init
    main.o(.text) refers to canctrllist.o(.text) for InitCANControlList
    main.o(.text) refers to os_core.o(.text) for OSInit
    main.o(.text) refers to elmo.o(.text) for VX
    main.o(.text) refers to usart2.o(.data) for TakeArrowPosition
    can1.o(.text) refers to stm32f4xx_rcc.o(.text) for RCC_APB1PeriphClockCmd
    can1.o(.text) refers to stm32f4xx_gpio.o(.text) for GPIO_PinAFConfig
    can1.o(.text) refers to stm32f4xx_can.o(.text) for CAN_Init
    can1.o(.text) refers to misc.o(.text) for NVIC_Init
    can1.o(.text) refers to elmo.o(.text) for MO
    can1.o(.text) refers to memcpya.o(.text) for __aeabi_memcpy
    can1.o(.text) refers to param.o(.text) for DecodeFloatDataLost
    can1.o(.text) refers to can1.o(.bss) for Can1_tx_message
    can1.o(.text) refers to motor.o(.bss) for motor
    can1.o(.text) refers to vesc.o(.bss) for VESCmotor
    can1.o(.text) refers to can1.o(.data) for flag_can1
    can1.o(.text) refers to param.o(.bss) for flag
    can2.o(.text) refers to stm32f4xx_rcc.o(.text) for RCC_APB1PeriphClockCmd
    can2.o(.text) refers to stm32f4xx_gpio.o(.text) for GPIO_Init
    can2.o(.text) refers to misc.o(.text) for NVIC_Init
    can2.o(.text) refers to stm32f4xx_can.o(.text) for CAN_Init
    can2.o(.text) refers to os_time.o(.text) for OSTimeGet
    can2.o(.text) refers to motor.o(.text) for pulse_calculate
    can2.o(.text) refers to motor.o(.bss) for motor
    can2.o(.text) refers to buffer.o(.text) for buffer_32_to_float
    can2.o(.text) refers to param.o(.text) for ChangeData
    can2.o(.text) refers to vesc.o(.bss) for VESCmotor
    can2.o(.text) refers to can2.o(.bss) for DJ_tx_message
    tim1.o(.text) refers to stm32f4xx_rcc.o(.text) for RCC_APB2PeriphClockCmd
    tim1.o(.text) refers to stm32f4xx_tim.o(.text) for TIM_TimeBaseInit
    tim2.o(.text) refers to stm32f4xx_rcc.o(.text) for RCC_APB1PeriphClockCmd
    tim2.o(.text) refers to stm32f4xx_tim.o(.text) for TIM_TimeBaseInit
    tim2.o(.text) refers to misc.o(.text) for NVIC_Init
    tim2.o(.text) refers to os_time.o(.text) for OSTimeGet
    tim2.o(.text) refers to param.o(.text) for insertError
    tim2.o(.text) refers to vesc.o(.bss) for VESCmotor
    tim2.o(.text) refers to param.o(.data) for Error
    tim2.o(.text) refers to motor.o(.bss) for motor
    tim2.o(.text) refers to elmo.o(.bss) for ELMOmotor
    tim3.o(.text) refers to stm32f4xx_rcc.o(.text) for RCC_APB1PeriphClockCmd
    tim3.o(.text) refers to stm32f4xx_tim.o(.text) for TIM_TimeBaseInit
    tim3.o(.text) refers to misc.o(.text) for NVIC_Init
    tim3.o(.text) refers to motor.o(.text) for speed_mode
    tim3.o(.text) refers to can2.o(.text) for currentInput
    tim3.o(.text) refers to vesc.o(.text) for VESC_Set_Duty_Cycle
    tim3.o(.text) refers to queue.o(.text) for Can_DeQueue
    tim3.o(.text) refers to motor.o(.bss) for motor
    tim3.o(.text) refers to vesc.o(.bss) for VESCmotor
[...]
    _printf_longlong_dec                     0x00000000   Number         0  stubs.o ABSOLUTE
    _printf_longlong_hex                     0x00000000   Number         0  stubs.o ABSOLUTE
    _printf_longlong_oct                     0x00000000   Number         0  stubs.o ABSOLUTE
    _printf_ls                               0x00000000   Number         0  stubs.o ABSOLUTE
    _printf_mbtowc                           0x00000000   Number         0  stubs.o ABSOLUTE
    _printf_n                                0x00000000   Number         0  stubs.o ABSOLUTE
    _printf_o                                0x00000000   Number         0  stubs.o ABSOLUTE
    _printf_p                                0x00000000   Number         0  stubs.o ABSOLUTE
    _printf_percent                          0x00000000   Number         0  stubs.o ABSOLUTE
    _printf_pre_padding                      0x00000000   Number         0  stubs.o ABSOLUTE
    _printf_return_value                     0x00000000   Number         0  stubs.o ABSOLUTE
    _printf_s                                0x00000000   Number         0  stubs.o ABSOLUTE
    _printf_sizespec                         0x00000000   Number         0  stubs.o ABSOLUTE
    _printf_str                              0x00000000   Number         0  stubs.o ABSOLUTE
    _printf_truncate_signed                  0x00000000   Number         0  stubs.o ABSOLUTE
    _printf_truncate_unsigned                0x00000000   Number         0  stubs.o ABSOLUTE
    _printf_u                                0x00000000   Number         0  stubs.o ABSOLUTE
    _printf_wc                               0x00000000   Number         0  stubs.o ABSOLUTE
    _printf_wctomb                           0x00000000   Number         0  stubs.o ABSOLUTE
    _printf_widthprec                        0x00000000   Number         0  stubs.o ABSOLUTE
    _printf_x                                0x00000000   Number         0  stubs.o ABSOLUTE
    __cpp_initialize__aeabi_                  - Undefined Weak Reference
    __cxa_finalize                            - Undefined Weak Reference
    _clock_init                               - Undefined Weak Reference
    _microlib_exit                            - Undefined Weak Reference
    __Vectors_Size                           0x00000188   Number         0  startup_stm32f4xx.o ABSOLUTE
    __Vectors                                0x08000000   Data           4  startup_stm32f4xx.o(RESET)
    __Vectors_End                            0x08000188   Data           0  startup_stm32f4xx.o(RESET)
    __main                                   0x08000189   Thumb Code     0  entry.o(.ARM.Collect$$$$00000000)
    _main_stk                                0x08000189   Thumb Code     0  entry2.o(.ARM.Collect$$$$00000001)
    _main_scatterload                        0x0800018d   Thumb Code     0  entry5.o(.ARM.Collect$$$$00000004)
    __main_after_scatterload                 0x08000191   Thumb Code     0  entry5.o(.ARM.Collect$$$$00000004)
    _main_clock                              0x08000191   Thumb Code     0  entry7b.o(.ARM.Collect$$$$00000008)
    _main_cpp_init                           0x08000191   Thumb Code     0  entry8b.o(.ARM.Collect$$$$0000000A)
    _main_init                               0x08000191   Thumb Code     0  entry9a.o(.ARM.Collect$$$$0000000B)
    __rt_final_cpp                           0x08000199   Thumb Code     0  entry10a.o(.ARM.Collect$$$$0000000D)
    __rt_final_exit                          0x08000199   Thumb Code     0  entry11a.o(.ARM.Collect$$$$0000000F)
    WFI_SET                                  0x0800019d   Thumb Code     2  sys.o(.emb_text)
    INTX_DISABLE                             0x0800019f   Thumb Code     4  sys.o(.emb_text)
    INTX_ENABLE                              0x080001a3   Thumb Code     4  sys.o(.emb_text)
    MSR_MSP                                  0x080001a7   Thumb Code     6  sys.o(.emb_text)
    main                                     0x08000609   Thumb Code   126  main.o(.text)
    CAN1_Configuration                       0x080008e1   Thumb Code   230  can1.o(.text)
    answer_master                            0x080009c7   Thumb Code   296  can1.o(.text)
    CAN1_RX0_IRQHandler                      0x08000aef   Thumb Code   430  can1.o(.text)
    CAN1_RX1_IRQHandler                      0x08000c9d   Thumb Code    38  can1.o(.text)
    CAN2_Configuration                       0x08000ce9   Thumb Code   662  can2.o(.text)
    CAN2_RX0_IRQHandler                      0x08000f7f   Thumb Code   288  can2.o(.text)
    CAN2_RX1_IRQHandler                      0x080010c1   Thumb Code   640  can2.o(.text)
    currentInput                             0x08001341   Thumb Code   278  can2.o(.text)
    CAN2_Valve                               0x08001457   Thumb Code    92  can2.o(.text)
    TIM1_PWM_Init                            0x080014c9   Thumb Code   106  tim1.o(.text)
    TIM2_Init                                0x08001539   Thumb Code    88  tim2.o(.text)
    ifVESCTimeout                            0x08001591   Thumb Code   224  tim2.o(.text)
    ifDJTimeout                              0x08001671   Thumb Code   286  tim2.o(.text)
    TIM2_IRQHandler                          0x0800178f   Thumb Code    60  tim2.o(.text)
    ifElmoTimeout                            0x080017cb   Thumb Code   200  tim2.o(.text)
    TIM3_Init                                0x080018a5   Thumb Code    90  tim3.o(.text)
    TIM3_IRQHandler                          0x080018ff   Thumb Code   412  tim3.o(.text)
    Led8_Configuration                       0x08001abd   Thumb Code    64  led8.o(.text)
    Led8DisData                              0x08001afd   Thumb Code    78  led8.o(.text)
    LED_Configuration                        0x08001b55   Thumb Code    22  led.o(.text)
    Led_Show                                 0x08001b6b   Thumb Code   116  led.o(.text)
    creatError                               0x08001be5   Thumb Code    18  param.o(.text)
    param_Init                               0x08001bf7   Thumb Code    30  param.o(.text)
    deleteError                              0x08001c15   Thumb Code    44  param.o(.text)
    ErrorFind                                0x08001c41   Thumb Code    28  param.o(.text)
    insertError                              0x08001c5d   Thumb Code    80  param.o(.text)
    ChangeData                               0x08001cad   Thumb Code    12  param.o(.text)
    utils_norm_angle                         0x08001cb9   Thumb Code    90  param.o(.text)
    EncodeFloatDataLost                      0x08001d13   Thumb Code    32  param.o(.text)
    DecodeFloatDataLost                      0x08001d33   Thumb Code    42  param.o(.text)
    USART1_Configuration                     0x08001d6d   Thumb Code   174  usart1.o(.text)
    USART1_Send                              0x08001e1b   Thumb Code    46  usart1.o(.text)
    DMA2_Stream7_IRQHandler                  0x08001e49   Thumb Code    38  usart1.o(.text)
    USART2_Configuration                     0x08001e8d   Thumb Code   310  usart2.o(.text)
    DMA1_Stream6_IRQHandler                  0x08001fc3   Thumb Code    38  usart2.o(.text)
    USART2_IRQHandler                        0x08001fe9   Thumb Code  3756  usart2.o(.text)
    UsartLCDshow                             0x08002ee9   Thumb Code  7420  usart2.o(.text)
    PID_Init                                 0x08004bed   Thumb Code    32  pid.o(.text)
    PID_Operation                            0x08004c0d   Thumb Code    98  pid.o(.text)
    Motor_Init                               0x08004c71   Thumb Code  1550  motor.o(.text)
    speed_mode                               0x08005295   Thumb Code   184  motor.o(.text)
    position_mode                            0x0800534d   Thumb Code  1014  motor.o(.text)
    zero_mode                                0x08005743   Thumb Code   494  motor.o(.text)
    ifstuck                                  0x08005931   Thumb Code  1068  motor.o(.text)
    pulse_calculate                          0x08005d5d   Thumb Code   722  motor.o(.text)
    ELMO_Motor_Init                          0x0800603d   Thumb Code   498  elmo.o(.text)
    ELMO_Init                                0x0800622f   Thumb Code    72  elmo.o(.text)
    AC                                       0x08006277   Thumb Code   248  elmo.o(.text)
    BG                                       0x0800636f   Thumb Code   154  elmo.o(.text)
    DC                                       0x08006409   Thumb Code   294  elmo.o(.text)
    IQ                                       0x0800652f   Thumb Code   156  elmo.o(.text)
    JV                                       0x080065cb   Thumb Code   290  elmo.o(.text)
    MO                                       0x080066ed   Thumb Code   284  elmo.o(.text)
    PA                                       0x08006809   Thumb Code   350  elmo.o(.text)
    ELMO_PR                                  0x08006967   Thumb Code   350  elmo.o(.text)
    PE                                       0x08006ac5   Thumb Code   154  elmo.o(.text)
    PX                                       0x08006b5f   Thumb Code   354  elmo.o(.text)
    SP                                       0x08006cc1   Thumb Code   292  elmo.o(.text)
    TC                                       0x08006de5   Thumb Code   204  elmo.o(.text)
    UM                                       0x08006eb1   Thumb Code   282  elmo.o(.text)
    ST                                       0x08006fcb   Thumb Code   166  elmo.o(.text)
    VX                                       0x08007071   Thumb Code   154  elmo.o(.text)
    VESCInit                                 0x08007115   Thumb Code   530  vesc.o(.text)
    VESC_caculate                            0x08007327   Thumb Code    16  vesc.o(.text)
    VESC_Set_Speed                           0x08007337   Thumb Code   136  vesc.o(.text)
    VESC_position_mode_rpm                   0x080073bf   Thumb Code   502  vesc.o(.text)
    VESC_Set_Position                        0x080075b5   Thumb Code   164  vesc.o(.text)
    VESC_position_mode_pos                   0x08007659   Thumb Code   346  vesc.o(.text)
    VESC_Set_Duty_Cycle                      0x080077b3   Thumb Code   160  vesc.o(.text)
    VESC_Set_Current                         0x08007853   Thumb Code   164  vesc.o(.text)
    VESC_Set_Brake_Current                   0x080078f7   Thumb Code   210  vesc.o(.text)
    VESC_Set_Handbrake_Current               0x080079c9   Thumb Code   164  vesc.o(.text)
    Valve_Configuration                      0x08007a75   Thumb Code    48  valve.o(.text)
    QueueEmpty                               0x08007aa9   Thumb Code    18  queue.o(.text)
    QueueFull                                0x08007abb   Thumb Code    30  queue.o(.text)
    Can_SendqueueInit                        0x08007ad9   Thumb Code    16  queue.o(.text)
    Can_DeQueue                              0x08007ae9   Thumb Code   222  queue.o(.text)
    InitCANControlList                       0x08007be5   Thumb Code   128  canctrllist.o(.text)
    TraversalControlList                     0x08007c65   Thumb Code   478  canctrllist.o(.text)
    Can_MesgCtrlList                         0x08007e43   Thumb Code   362  canctrllist.o(.text)
    Float2Byte                               0x08007fb5   Thumb Code    28  visualscope.o(.text)
    DataScope_Get_Channel_Data               0x08007fd1   Thumb Code   162  visualscope.o(.text)
    DataScope_Data_Generate                  0x08008073   Thumb Code   150  visualscope.o(.text)
    EcodeFloatData_to_4byte                  0x0800810d   Thumb Code    40  buffer.o(.text)
    DecodeFloatData_From_4byte               0x08008135   Thumb Code    24  buffer.o(.text)
    buffer_append_int32                      0x0800814d   Thumb Code    46  buffer.o(.text)
    get_s32_from_buffer                      0x0800817b   Thumb Code    48  buffer.o(.text)
    get_s16_from_buffer                      0x080081ab   Thumb Code    28  buffer.o(.text)
    buffer_32_to_float                       0x080081c7   Thumb Code    32  buffer.o(.text)
    buffer_16_to_float                       0x080081e7   Thumb Code    32  buffer.o(.text)
    Delay_ms                                 0x08008207   Thumb Code    28  delay.o(.text)
    Delay_us                                 0x08008223   Thumb Code    26  delay.o(.text)
    Beep_Configuration                       0x0800823d   Thumb Code    22  beep.o(.text)
    Beep_Show                                0x08008253   Thumb Code    12  beep.o(.text)
    Beep_Music                               0x0800825f   Thumb Code   168  beep.o(.text)
    IIR_init                                 0x0800832d   Thumb Code    18  filter.o(.text)
    IIR_filter                               0x0800833f   Thumb Code   154  filter.o(.text)
    IIR_filter_two                           0x080083d9   Thumb Code   316  filter.o(.text)
    kal_flt_init                             0x08008515   Thumb Code    40  filter.o(.text)
    kalman_filter                            0x0800853d   Thumb Code   166  filter.o(.text)
    MYDMA_Config                             0x08008609   Thumb Code   284  dma.o(.text)
    MYDMA_Enable                             0x08008725   Thumb Code    32  dma.o(.text)
    MY_NVIC_SetVectorTable                   0x08008751   Thumb Code    12  sys.o(.text)
    MY_NVIC_PriorityGroupConfig              0x0800875d   Thumb Code    36  sys.o(.text)
    MY_NVIC_Init                             0x08008781   Thumb Code   116  sys.o(.text)
    Ex_NVIC_Config                           0x080087f5   Thumb Code   168  sys.o(.text)
    GPIO_AF_Set                              0x0800889d   Thumb Code    64  sys.o(.text)
    GPIO_Set                                 0x080088dd   Thumb Code   222  sys.o(.text)
    Sys_Standby                              0x080089bb   Thumb Code    72  sys.o(.text)
    Sys_Soft_Reset                           0x08008a03   Thumb Code    12  sys.o(.text)
    Sys_Clock_Set                            0x08008a0f   Thumb Code   266  sys.o(.text)
    Stm32_Clock_Init                         0x08008b19   Thumb Code   138  sys.o(.text)
    NVIC_PriorityGroupConfig                 0x08008ba9   Thumb Code    10  misc.o(.text)
    NVIC_Init                                0x08008bb3   Thumb Code   106  misc.o(.text)
    NVIC_SetVectorTable                      0x08008c1d   Thumb Code    14  misc.o(.text)
    NVIC_SystemLPConfig                      0x08008c2b   Thumb Code    34  misc.o(.text)
    SysTick_CLKSourceConfig                  0x08008c4d   Thumb Code    40  misc.o(.text)
    CAN_DeInit                               0x08008c89   Thumb Code    50  stm32f4xx_can.o(.text)
    CAN_Init                                 0x08008cbb   Thumb Code   276  stm32f4xx_can.o(.text)
    CAN_FilterInit                           0x08008dcf   Thumb Code   258  stm32f4xx_can.o(.text)
    CAN_StructInit                           0x08008ed1   Thumb Code    32  stm32f4xx_can.o(.text)
    CAN_SlaveStartBank                       0x08008ef1   Thumb Code    48  stm32f4xx_can.o(.text)
    CAN_DBGFreeze                            0x08008f21   Thumb Code    22  stm32f4xx_can.o(.text)
    CAN_TTComModeCmd                         0x08008f37   Thumb Code   118  stm32f4xx_can.o(.text)
    CAN_Transmit                             0x08008fad   Thumb Code   304  stm32f4xx_can.o(.text)
    CAN_TransmitStatus                       0x080090dd   Thumb Code   138  stm32f4xx_can.o(.text)
    CAN_CancelTransmit                       0x08009167   Thumb Code    48  stm32f4xx_can.o(.text)
    CAN_Receive                              0x08009197   Thumb Code   240  stm32f4xx_can.o(.text)
    CAN_FIFORelease                          0x08009287   Thumb Code    22  stm32f4xx_can.o(.text)
    CAN_MessagePending                       0x0800929d   Thumb Code    30  stm32f4xx_can.o(.text)
    CAN_OperatingModeRequest                 0x080092bb   Thumb Code   162  stm32f4xx_can.o(.text)
    CAN_Sleep                                0x0800935d   Thumb Code    30  stm32f4xx_can.o(.text)
    CAN_WakeUp                               0x0800937b   Thumb Code    48  stm32f4xx_can.o(.text)
    CAN_GetLastErrorCode                     0x080093ab   Thumb Code    12  stm32f4xx_can.o(.text)
    CAN_GetReceiveErrorCounter               0x080093b7   Thumb Code    10  stm32f4xx_can.o(.text)
    CAN_GetLSBTransmitErrorCounter           0x080093c1   Thumb Code    12  stm32f4xx_can.o(.text)
    CAN_ITConfig                             0x080093cd   Thumb Code    18  stm32f4xx_can.o(.text)
    CAN_GetFlagStatus                        0x080093df   Thumb Code   120  stm32f4xx_can.o(.text)
    CAN_ClearFlag                            0x08009457   Thumb Code    52  stm32f4xx_can.o(.text)
    CAN_GetITStatus                          0x0800949d   Thumb Code   310  stm32f4xx_can.o(.text)
    CAN_ClearITPendingBit                    0x080095d3   Thumb Code   162  stm32f4xx_can.o(.text)
    DMA_DeInit                               0x08009679   Thumb Code   324  stm32f4xx_dma.o(.text)
    DMA_Init                                 0x080097bd   Thumb Code    82  stm32f4xx_dma.o(.text)
    DMA_StructInit                           0x0800980f   Thumb Code    34  stm32f4xx_dma.o(.text)
    DMA_Cmd                                  0x08009831   Thumb Code    22  stm32f4xx_dma.o(.text)
    DMA_PeriphIncOffsetSizeConfig            0x08009847   Thumb Code    22  stm32f4xx_dma.o(.text)
    DMA_FlowControllerConfig                 0x0800985d   Thumb Code    22  stm32f4xx_dma.o(.text)
    DMA_SetCurrDataCounter                   0x08009873   Thumb Code     4  stm32f4xx_dma.o(.text)
    DMA_GetCurrDataCounter                   0x08009877   Thumb Code     8  stm32f4xx_dma.o(.text)
    DMA_DoubleBufferModeConfig               0x0800987f   Thumb Code    24  stm32f4xx_dma.o(.text)
    DMA_DoubleBufferModeCmd                  0x08009897   Thumb Code    22  stm32f4xx_dma.o(.text)
    DMA_MemoryTargetConfig                   0x080098ad   Thumb Code    10  stm32f4xx_dma.o(.text)
    DMA_GetCurrentMemoryTarget               0x080098b7   Thumb Code    20  stm32f4xx_dma.o(.text)
    DMA_GetCmdStatus                         0x080098cb   Thumb Code    20  stm32f4xx_dma.o(.text)
    DMA_GetFIFOStatus                        0x080098df   Thumb Code    12  stm32f4xx_dma.o(.text)
    DMA_GetFlagStatus                        0x080098eb   Thumb Code    56  stm32f4xx_dma.o(.text)
    DMA_ClearFlag                            0x08009923   Thumb Code    40  stm32f4xx_dma.o(.text)
    DMA_ITConfig                             0x0800994b   Thumb Code    58  stm32f4xx_dma.o(.text)
    DMA_GetITStatus                          0x08009985   Thumb Code    84  stm32f4xx_dma.o(.text)
    DMA_ClearITPendingBit                    0x080099d9   Thumb Code    40  stm32f4xx_dma.o(.text)
    GPIO_DeInit                              0x08009a21   Thumb Code   220  stm32f4xx_gpio.o(.text)
    GPIO_Init                                0x08009afd   Thumb Code   144  stm32f4xx_gpio.o(.text)
    GPIO_StructInit                          0x08009b8d   Thumb Code    18  stm32f4xx_gpio.o(.text)
    GPIO_PinLockConfig                       0x08009b9f   Thumb Code    34  stm32f4xx_gpio.o(.text)
    GPIO_ReadInputDataBit                    0x08009bc1   Thumb Code    18  stm32f4xx_gpio.o(.text)
    GPIO_ReadInputData                       0x08009bd3   Thumb Code     8  stm32f4xx_gpio.o(.text)
    GPIO_ReadOutputDataBit                   0x08009bdb   Thumb Code    18  stm32f4xx_gpio.o(.text)
    GPIO_ReadOutputData                      0x08009bed   Thumb Code     8  stm32f4xx_gpio.o(.text)
    GPIO_SetBits                             0x08009bf5   Thumb Code     4  stm32f4xx_gpio.o(.text)
    GPIO_ResetBits                           0x08009bf9   Thumb Code     4  stm32f4xx_gpio.o(.text)
    GPIO_WriteBit                            0x08009bfd   Thumb Code    10  stm32f4xx_gpio.o(.text)
    GPIO_Write                               0x08009c07   Thumb Code     4  stm32f4xx_gpio.o(.text)
    GPIO_ToggleBits                          0x08009c0b   Thumb Code     8  stm32f4xx_gpio.o(.text)
    GPIO_PinAFConfig                         0x08009c13   Thumb Code    70  stm32f4xx_gpio.o(.text)
    RCC_DeInit                               0x08009c7d   Thumb Code    60  stm32f4xx_rcc.o(.text)
    RCC_HSEConfig                            0x08009cb9   Thumb Code    14  stm32f4xx_rcc.o(.text)
    RCC_GetFlagStatus                        0x08009cc7   Thumb Code    60  stm32f4xx_rcc.o(.text)
    RCC_WaitForHSEStartUp                    0x08009d03   Thumb Code    56  stm32f4xx_rcc.o(.text)
    RCC_AdjustHSICalibrationValue            0x08009d3b   Thumb Code    20  stm32f4xx_rcc.o(.text)
    RCC_HSICmd                               0x08009d4f   Thumb Code     6  stm32f4xx_rcc.o(.text)
    RCC_LSEConfig                            0x08009d55   Thumb Code    46  stm32f4xx_rcc.o(.text)
    RCC_LSICmd                               0x08009d83   Thumb Code     6  stm32f4xx_rcc.o(.text)
    RCC_PLLConfig                            0x08009d89   Thumb Code    32  stm32f4xx_rcc.o(.text)
    RCC_PLLCmd                               0x08009da9   Thumb Code     6  stm32f4xx_rcc.o(.text)
    RCC_PLLI2SConfig                         0x08009daf   Thumb Code    14  stm32f4xx_rcc.o(.text)
    RCC_PLLI2SCmd                            0x08009dbd   Thumb Code     6  stm32f4xx_rcc.o(.text)
    RCC_ClockSecuritySystemCmd               0x08009dc3   Thumb Code     6  stm32f4xx_rcc.o(.text)
    RCC_MCO1Config                           0x08009dc9   Thumb Code    28  stm32f4xx_rcc.o(.text)
    RCC_MCO2Config                           0x08009de5   Thumb Code    28  stm32f4xx_rcc.o(.text)
    RCC_SYSCLKConfig                         0x08009e01   Thumb Code    20  stm32f4xx_rcc.o(.text)
    RCC_GetSYSCLKSource                      0x08009e15   Thumb Code    12  stm32f4xx_rcc.o(.text)
    RCC_HCLKConfig                           0x08009e21   Thumb Code    20  stm32f4xx_rcc.o(.text)
    RCC_PCLK1Config                          0x08009e35   Thumb Code    20  stm32f4xx_rcc.o(.text)
    RCC_PCLK2Config                          0x08009e49   Thumb Code    22  stm32f4xx_rcc.o(.text)
    RCC_GetClocksFreq                        0x08009e5f   Thumb Code   222  stm32f4xx_rcc.o(.text)
    RCC_RTCCLKConfig                         0x08009f3d   Thumb Code    54  stm32f4xx_rcc.o(.text)
    RCC_RTCCLKCmd                            0x08009f73   Thumb Code     8  stm32f4xx_rcc.o(.text)
    RCC_BackupResetCmd                       0x08009f7b   Thumb Code     8  stm32f4xx_rcc.o(.text)
    RCC_I2SCLKConfig                         0x08009f83   Thumb Code     6  stm32f4xx_rcc.o(.text)
    RCC_AHB1PeriphClockCmd                   0x08009f89   Thumb Code    34  stm32f4xx_rcc.o(.text)
    RCC_AHB2PeriphClockCmd                   0x08009fab   Thumb Code    34  stm32f4xx_rcc.o(.text)
    RCC_AHB3PeriphClockCmd                   0x08009fcd   Thumb Code    34  stm32f4xx_rcc.o(.text)
    RCC_APB1PeriphClockCmd                   0x08009fef   Thumb Code    34  stm32f4xx_rcc.o(.text)
    RCC_APB2PeriphClockCmd                   0x0800a011   Thumb Code    34  stm32f4xx_rcc.o(.text)
    RCC_AHB1PeriphResetCmd                   0x0800a033   Thumb Code    34  stm32f4xx_rcc.o(.text)
    RCC_AHB2PeriphResetCmd                   0x0800a055   Thumb Code    72  stm32f4xx_rcc.o(.text)
    RCC_AHB3PeriphResetCmd                   0x0800a09d   Thumb Code    34  stm32f4xx_rcc.o(.text)
    RCC_APB1PeriphResetCmd                   0x0800a0bf   Thumb Code    34  stm32f4xx_rcc.o(.text)
    RCC_APB2PeriphResetCmd                   0x0800a0e1   Thumb Code    34  stm32f4xx_rcc.o(.text)
    RCC_AHB1PeriphClockLPModeCmd             0x0800a103   Thumb Code    34  stm32f4xx_rcc.o(.text)
    RCC_AHB2PeriphClockLPModeCmd             0x0800a125   Thumb Code    34  stm32f4xx_rcc.o(.text)
    RCC_AHB3PeriphClockLPModeCmd             0x0800a147   Thumb Code    34  stm32f4xx_rcc.o(.text)
    RCC_APB1PeriphClockLPModeCmd             0x0800a169   Thumb Code    34  stm32f4xx_rcc.o(.text)
    RCC_APB2PeriphClockLPModeCmd             0x0800a18b   Thumb Code    34  stm32f4xx_rcc.o(.text)
    RCC_ITConfig                             0x0800a1ad   Thumb Code    34  stm32f4xx_rcc.o(.text)
    RCC_ClearFlag                            0x0800a1cf   Thumb Code    18  stm32f4xx_rcc.o(.text)
    RCC_GetITStatus                          0x0800a1e1   Thumb Code    22  stm32f4xx_rcc.o(.text)
    RCC_ClearITPendingBit                    0x0800a1f7   Thumb Code     8  stm32f4xx_rcc.o(.text)
    TIM_DeInit                               0x0800a205   Thumb Code   346  stm32f4xx_tim.o(.text)
    TIM_TimeBaseInit                         0x0800a35f   Thumb Code   104  stm32f4xx_tim.o(.text)
    TIM_TimeBaseStructInit                   0x0800a3c7   Thumb Code    18  stm32f4xx_tim.o(.text)
    TIM_PrescalerConfig                      0x0800a3d9   Thumb Code     6  stm32f4xx_tim.o(.text)
    TIM_CounterModeConfig                    0x0800a3df   Thumb Code    18  stm32f4xx_tim.o(.text)
    TIM_SetCounter                           0x0800a3f1   Thumb Code     4  stm32f4xx_tim.o(.text)
    TIM_SetAutoreload                        0x0800a3f5   Thumb Code     4  stm32f4xx_tim.o(.text)
    TIM_GetCounter                           0x0800a3f9   Thumb Code     6  stm32f4xx_tim.o(.text)
    TIM_GetPrescaler                         0x0800a3ff   Thumb Code     6  stm32f4xx_tim.o(.text)
    TIM_UpdateDisableConfig                  0x0800a405   Thumb Code    24  stm32f4xx_tim.o(.text)
    TIM_UpdateRequestConfig                  0x0800a41d   Thumb Code    24  stm32f4xx_tim.o(.text)
    TIM_ARRPreloadConfig                     0x0800a435   Thumb Code    24  stm32f4xx_tim.o(.text)
    TIM_SelectOnePulseMode                   0x0800a44d   Thumb Code    18  stm32f4xx_tim.o(.text)
    TIM_SetClockDivision                     0x0800a45f   Thumb Code    18  stm32f4xx_tim.o(.text)
    TIM_Cmd                                  0x0800a471   Thumb Code    24  stm32f4xx_tim.o(.text)
    TIM_OC1Init                              0x0800a489   Thumb Code   114  stm32f4xx_tim.o(.text)
    TIM_OC2Init                              0x0800a4fb   Thumb Code   154  stm32f4xx_tim.o(.text)
    TIM_OC3Init                              0x0800a595   Thumb Code   204  stm32f4xx_tim.o(.text)
    TIM_OC4Init                              0x0800a661   Thumb Code   112  stm32f4xx_tim.o(.text)
    TIM_OCStructInit                         0x0800a6d1   Thumb Code    20  stm32f4xx_tim.o(.text)
    TIM_SelectOCxM                           0x0800a6e5   Thumb Code    86  stm32f4xx_tim.o(.text)
    TIM_SetCompare1                          0x0800a73b   Thumb Code     4  stm32f4xx_tim.o(.text)
    TIM_SetCompare2                          0x0800a73f   Thumb Code     4  stm32f4xx_tim.o(.text)
    TIM_SetCompare3                          0x0800a743   Thumb Code     4  stm32f4xx_tim.o(.text)
    TIM_SetCompare4                          0x0800a747   Thumb Code     4  stm32f4xx_tim.o(.text)
    TIM_ForcedOC1Config                      0x0800a74b   Thumb Code    18  stm32f4xx_tim.o(.text)
    TIM_ForcedOC2Config                      0x0800a75d   Thumb Code    26  stm32f4xx_tim.o(.text)
    TIM_ForcedOC3Config                      0x0800a777   Thumb Code    18  stm32f4xx_tim.o(.text)
    TIM_ForcedOC4Config                      0x0800a789   Thumb Code    26  stm32f4xx_tim.o(.text)
    TIM_OC1PreloadConfig                     0x0800a7a3   Thumb Code    18  stm32f4xx_tim.o(.text)
    TIM_OC2PreloadConfig                     0x0800a7b5   Thumb Code    26  stm32f4xx_tim.o(.text)
    TIM_OC3PreloadConfig                     0x0800a7cf   Thumb Code    18  stm32f4xx_tim.o(.text)
    TIM_OC4PreloadConfig                     0x0800a7e1   Thumb Code    26  stm32f4xx_tim.o(.text)
    TIM_OC1FastConfig                        0x0800a7fb   Thumb Code    18  stm32f4xx_tim.o(.text)
    TIM_OC2FastConfig                        0x0800a80d   Thumb Code    26  stm32f4xx_tim.o(.text)
    TIM_OC3FastConfig                        0x0800a827   Thumb Code    18  stm32f4xx_tim.o(.text)
    TIM_OC4FastConfig                        0x0800a839   Thumb Code    26  stm32f4xx_tim.o(.text)
    TIM_ClearOC1Ref                          0x0800a853   Thumb Code    18  stm32f4xx_tim.o(.text)
    TIM_ClearOC2Ref                          0x0800a865   Thumb Code    24  stm32f4xx_tim.o(.text)
    TIM_ClearOC3Ref                          0x0800a87d   Thumb Code    18  stm32f4xx_tim.o(.text)
    TIM_ClearOC4Ref                          0x0800a88f   Thumb Code    24  stm32f4xx_tim.o(.text)
    TIM_OC1PolarityConfig                    0x0800a8a7   Thumb Code    18  stm32f4xx_tim.o(.text)
    TIM_OC1NPolarityConfig                   0x0800a8b9   Thumb Code    18  stm32f4xx_tim.o(.text)
    TIM_OC2PolarityConfig                    0x0800a8cb   Thumb Code    26  stm32f4xx_tim.o(.text)
    TIM_OC2NPolarityConfig                   0x0800a8e5   Thumb Code    26  stm32f4xx_tim.o(.text)
    TIM_OC3PolarityConfig                    0x0800a8ff   Thumb Code    26  stm32f4xx_tim.o(.text)
    TIM_OC3NPolarityConfig                   0x0800a919   Thumb Code    26  stm32f4xx_tim.o(.text)
    TIM_OC4PolarityConfig                    0x0800a933   Thumb Code    26  stm32f4xx_tim.o(.text)
    TIM_CCxCmd                               0x0800a94d   Thumb Code    30  stm32f4xx_tim.o(.text)
    TIM_CCxNCmd                              0x0800a96b   Thumb Code    30  stm32f4xx_tim.o(.text)
    TIM_SetIC4Prescaler                      0x0800a989   Thumb Code    26  stm32f4xx_tim.o(.text)
    TIM_SetIC3Prescaler                      0x0800a9f3   Thumb Code    18  stm32f4xx_tim.o(.text)
    TIM_SetIC2Prescaler                      0x0800aa4d   Thumb Code    26  stm32f4xx_tim.o(.text)
    TIM_SetIC1Prescaler                      0x0800aac1   Thumb Code    18  stm32f4xx_tim.o(.text)
    TIM_ICInit                               0x0800ab0d   Thumb Code   110  stm32f4xx_tim.o(.text)
    TIM_ICStructInit                         0x0800ab7b   Thumb Code    18  stm32f4xx_tim.o(.text)
    TIM_PWMIConfig                           0x0800ab8d   Thumb Code   124  stm32f4xx_tim.o(.text)
    TIM_GetCapture1                          0x0800ac09   Thumb Code     6  stm32f4xx_tim.o(.text)
    TIM_GetCapture2                          0x0800ac0f   Thumb Code     6  stm32f4xx_tim.o(.text)
    TIM_GetCapture3                          0x0800ac15   Thumb Code     6  stm32f4xx_tim.o(.text)
    TIM_GetCapture4                          0x0800ac1b   Thumb Code     6  stm32f4xx_tim.o(.text)
    TIM_BDTRConfig                           0x0800ac21   Thumb Code    32  stm32f4xx_tim.o(.text)
    TIM_BDTRStructInit                       0x0800ac41   Thumb Code    18  stm32f4xx_tim.o(.text)
    TIM_CtrlPWMOutputs                       0x0800ac53   Thumb Code    30  stm32f4xx_tim.o(.text)
    TIM_SelectCOM                            0x0800ac71   Thumb Code    24  stm32f4xx_tim.o(.text)
    TIM_CCPreloadControl                     0x0800ac89   Thumb Code    24  stm32f4xx_tim.o(.text)
    TIM_ITConfig                             0x0800aca1   Thumb Code    18  stm32f4xx_tim.o(.text)
    TIM_GenerateEvent                        0x0800acb3   Thumb Code     4  stm32f4xx_tim.o(.text)
    TIM_GetFlagStatus                        0x0800acb7   Thumb Code    18  stm32f4xx_tim.o(.text)
    TIM_ClearFlag                            0x0800acc9   Thumb Code     6  stm32f4xx_tim.o(.text)
    TIM_GetITStatus                          0x0800accf   Thumb Code    34  stm32f4xx_tim.o(.text)
    TIM_ClearITPendingBit                    0x0800acf1   Thumb Code     6  stm32f4xx_tim.o(.text)
    TIM_DMAConfig                            0x0800acf7   Thumb Code    10  stm32f4xx_tim.o(.text)
    TIM_DMACmd                               0x0800ad01   Thumb Code    18  stm32f4xx_tim.o(.text)
    TIM_SelectCCDMA                          0x0800ad13   Thumb Code    24  stm32f4xx_tim.o(.text)
    TIM_InternalClockConfig                  0x0800ad2b   Thumb Code    12  stm32f4xx_tim.o(.text)
    TIM_SelectInputTrigger                   0x0800ad37   Thumb Code    18  stm32f4xx_tim.o(.text)
    TIM_ITRxExternalClockConfig              0x0800ad49   Thumb Code    24  stm32f4xx_tim.o(.text)
    TIM_TIxExternalClockConfig               0x0800ad61   Thumb Code    62  stm32f4xx_tim.o(.text)
    TIM_ETRConfig                            0x0800ad9f   Thumb Code    28  stm32f4xx_tim.o(.text)
    TIM_ETRClockMode1Config                  0x0800adbb   Thumb Code    54  stm32f4xx_tim.o(.text)
    TIM_ETRClockMode2Config                  0x0800adf1   Thumb Code    32  stm32f4xx_tim.o(.text)
    TIM_SelectOutputTrigger                  0x0800ae11   Thumb Code    18  stm32f4xx_tim.o(.text)
    TIM_SelectSlaveMode                      0x0800ae23   Thumb Code    18  stm32f4xx_tim.o(.text)
    TIM_SelectMasterSlaveMode                0x0800ae35   Thumb Code    18  stm32f4xx_tim.o(.text)
    TIM_EncoderInterfaceConfig               0x0800ae47   Thumb Code    66  stm32f4xx_tim.o(.text)
    TIM_SelectHallSensor                     0x0800ae89   Thumb Code    24  stm32f4xx_tim.o(.text)
    TIM_RemapConfig                          0x0800aea1   Thumb Code     6  stm32f4xx_tim.o(.text)
    USART_DeInit                             0x0800aea9   Thumb Code   156  stm32f4xx_usart.o(.text)
    USART_Init                               0x0800af45   Thumb Code   204  stm32f4xx_usart.o(.text)
    USART_StructInit                         0x0800b011   Thumb Code    24  stm32f4xx_usart.o(.text)
    USART_ClockInit                          0x0800b029   Thumb Code    32  stm32f4xx_usart.o(.text)
    USART_ClockStructInit                    0x0800b049   Thumb Code    12  stm32f4xx_usart.o(.text)
    USART_Cmd                                0x0800b055   Thumb Code    24  stm32f4xx_usart.o(.text)
    USART_SetPrescaler                       0x0800b06d   Thumb Code    16  stm32f4xx_usart.o(.text)
    USART_OverSampling8Cmd                   0x0800b07d   Thumb Code    22  stm32f4xx_usart.o(.text)
    USART_OneBitMethodCmd                    0x0800b093   Thumb Code    24  stm32f4xx_usart.o(.text)
    USART_SendData                           0x0800b0ab   Thumb Code     8  stm32f4xx_usart.o(.text)
    USART_ReceiveData                        0x0800b0b3   Thumb Code    10  stm32f4xx_usart.o(.text)
    USART_SetAddress                         0x0800b0bd   Thumb Code    18  stm32f4xx_usart.o(.text)
    USART_ReceiverWakeUpCmd                  0x0800b0cf   Thumb Code    24  stm32f4xx_usart.o(.text)
    USART_WakeUpConfig                       0x0800b0e7   Thumb Code    18  stm32f4xx_usart.o(.text)
    USART_LINBreakDetectLengthConfig         0x0800b0f9   Thumb Code    18  stm32f4xx_usart.o(.text)
    USART_LINCmd                             0x0800b10b   Thumb Code    24  stm32f4xx_usart.o(.text)
    USART_SendBreak                          0x0800b123   Thumb Code    10  stm32f4xx_usart.o(.text)
    USART_HalfDuplexCmd                      0x0800b12d   Thumb Code    24  stm32f4xx_usart.o(.text)
    USART_SetGuardTime                       0x0800b145   Thumb Code    16  stm32f4xx_usart.o(.text)
    USART_SmartCardCmd                       0x0800b155   Thumb Code    24  stm32f4xx_usart.o(.text)
    USART_SmartCardNACKCmd                   0x0800b16d   Thumb Code    24  stm32f4xx_usart.o(.text)
    USART_IrDAConfig                         0x0800b185   Thumb Code    18  stm32f4xx_usart.o(.text)
    USART_IrDACmd                            0x0800b197   Thumb Code    24  stm32f4xx_usart.o(.text)
    USART_DMACmd                             0x0800b1af   Thumb Code    18  stm32f4xx_usart.o(.text)
    USART_ITConfig                           0x0800b1c1   Thumb Code    74  stm32f4xx_usart.o(.text)
    USART_GetFlagStatus                      0x0800b20b   Thumb Code    26  stm32f4xx_usart.o(.text)
    USART_ClearFlag                          0x0800b225   Thumb Code    18  stm32f4xx_usart.o(.text)
    USART_GetITStatus                        0x0800b237   Thumb Code   110  stm32f4xx_usart.o(.text)
    USART_ClearITPendingBit                  0x0800b2a5   Thumb Code    30  stm32f4xx_usart.o(.text)
    NMI_Handler                              0x0800b2c3   Thumb Code     2  stm32f4xx_it_1.o(.text)
    HardFault_Handler                        0x0800b2c5   Thumb Code    18  stm32f4xx_it_1.o(.text)
    MemManage_Handler                        0x0800b2d7   Thumb Code     4  stm32f4xx_it_1.o(.text)
    BusFault_Handler                         0x0800b2db   Thumb Code     4  stm32f4xx_it_1.o(.text)
    UsageFault_Handler                       0x0800b2df   Thumb Code     4  stm32f4xx_it_1.o(.text)
    SVC_Handler                              0x0800b2e3   Thumb Code     2  stm32f4xx_it_1.o(.text)
    DebugMon_Handler                         0x0800b2e5   Thumb Code     2  stm32f4xx_it_1.o(.text)
    SystemInit                               0x0800b3c5   Thumb Code    88  system_stm32f4xx.o(.text)
    SystemCoreClockUpdate                    0x0800b41d   Thumb Code   174  system_stm32f4xx.o(.text)
    Reset_Handler                            0x0800b4f9   Thumb Code     8  startup_stm32f4xx.o(.text)
    ADC_IRQHandler                           0x0800b513   Thumb Code     0  startup_stm32f4xx.o(.text)
    CAN1_SCE_IRQHandler                      0x0800b513   Thumb Code     0  startup_stm32f4xx.o(.text)
    CAN1_TX_IRQHandler                       0x0800b513   Thumb Code     0  startup_stm32f4xx.o(.text)
    CAN2_SCE_IRQHandler                      0x0800b513   Thumb Code     0  startup_stm32f4xx.o(.text)
    CAN2_TX_IRQHandler                       0x0800b513   Thumb Code     0  startup_stm32f4xx.o(.text)
    CRYP_IRQHandler                          0x0800b513   Thumb Code     0  startup_stm32f4xx.o(.text)
    DCMI_IRQHandler                          0x0800b513   Thumb Code     0  startup_stm32f4xx.o(.text)
    DMA1_Stream0_IRQHandler                  0x0800b513   Thumb Code     0  startup_stm32f4xx.o(.text)
    DMA1_Stream1_IRQHandler                  0x0800b513   Thumb Code     0  startup_stm32f4xx.o(.text)
    DMA1_Stream2_IRQHandler                  0x0800b513   Thumb Code     0  startup_stm32f4xx.o(.text)
    DMA1_Stream3_IRQHandler                  0x0800b513   Thumb Code     0  startup_stm32f4xx.o(.text)
    DMA1_Stream4_IRQHandler                  0x0800b513   Thumb Code     0  startup_stm32f4xx.o(.text)
    DMA1_Stream5_IRQHandler                  0x0800b513   Thumb Code     0  startup_stm32f4xx.o(.text)
    DMA1_Stream7_IRQHandler                  0x0800b513   Thumb Code     0  startup_stm32f4xx.o(.text)
    DMA2_Stream0_IRQHandler                  0x0800b513   Thumb Code     0  startup_stm32f4xx.o(.text)
    DMA2_Stream1_IRQHandler                  0x0800b513   Thumb Code     0  startup_stm32f4xx.o(.text)
    DMA2_Stream2_IRQHandler                  0x0800b513   Thumb Code     0  startup_stm32f4xx.o(.text)
    DMA2_Stream3_IRQHandler                  0x0800b513   Thumb Code     0  startup_stm32f4xx.o(.text)
    DMA2_Stream4_IRQHandler                  0x0800b513   Thumb Code     0  startup_stm32f4xx.o(.text)
    DMA2_Stream5_IRQHandler                  0x0800b513   Thumb Code     0  startup_stm32f4xx.o(.text)
    DMA2_Stream6_IRQHandler                  0x0800b513   Thumb Code     0  startup_stm32f4xx.o(.text)
    ETH_IRQHandler                           0x0800b513   Thumb Code     0  startup_stm32f4xx.o(.text)
    ETH_WKUP_IRQHandler                      0x0800b513   Thumb Code     0  startup_stm32f4xx.o(.text)
    EXTI0_IRQHandler                         0x0800b513   Thumb Code     0  startup_stm32f4xx.o(.text)
    EXTI15_10_IRQHandler                     0x0800b513   Thumb Code     0  startup_stm32f4xx.o(.text)
    EXTI1_IRQHandler                         0x0800b513   Thumb Code     0  startup_stm32f4xx.o(.text)
    EXTI2_IRQHandler                         0x0800b513   Thumb Code     0  startup_stm32f4xx.o(.text)
    EXTI3_IRQHandler                         0x0800b513   Thumb Code     0  startup_stm32f4xx.o(.text)
    EXTI4_IRQHandler                         0x0800b513   Thumb Code     0  startup_stm32f4xx.o(.text)
    EXTI9_5_IRQHandler                       0x0800b513   Thumb Code     0  startup_stm32f4xx.o(.text)
    FLASH_IRQHandler                         0x0800b513   Thumb Code     0  startup_stm32f4xx.o(.text)
    FPU_IRQHandler                           0x0800b513   Thumb Code     0  startup_stm32f4xx.o(.text)
    FSMC_IRQHandler                          0x0800b513   Thumb Code     0  startup_stm32f4xx.o(.text)
    HASH_RNG_IRQHandler                      0x0800b513   Thumb Code     0  startup_stm32f4xx.o(.text)
    I2C1_ER_IRQHandler                       0x0800b513   Thumb Code     0  startup_stm32f4xx.o(.text)
    I2C1_EV_IRQHandler                       0x0800b513   Thumb Code     0  startup_stm32f4xx.o(.text)
    I2C2_ER_IRQHandler                       0x0800b513   Thumb Code     0  startup_stm32f4xx.o(.text)
    I2C2_EV_IRQHandler                       0x0800b513   Thumb Code     0  startup_stm32f4xx.o(.text)
    I2C3_ER_IRQHandler                       0x0800b513   Thumb Code     0  startup_stm32f4xx.o(.text)
    I2C3_EV_IRQHandler                       0x0800b513   Thumb Code     0  startup_stm32f4xx.o(.text)
    OTG_FS_IRQHandler                        0x0800b513   Thumb Code     0  startup_stm32f4xx.o(.text)
    OTG_FS_WKUP_IRQHandler                   0x0800b513   Thumb Code     0  startup_stm32f4xx.o(.text)
    OTG_HS_EP1_IN_IRQHandler                 0x0800b513   Thumb Code     0  startup_stm32f4xx.o(.text)
    OTG_HS_EP1_OUT_IRQHandler                0x0800b513   Thumb Code     0  startup_stm32f4xx.o(.text)
    OTG_HS_IRQHandler                        0x0800b513   Thumb Code     0  startup_stm32f4xx.o(.text)
    OTG_HS_WKUP_IRQHandler                   0x0800b513   Thumb Code     0  startup_stm32f4xx.o(.text)
    PVD_IRQHandler                           0x0800b513   Thumb Code     0  startup_stm32f4xx.o(.text)
    RCC_IRQHandler                           0x0800b513   Thumb Code     0  startup_stm32f4xx.o(.text)
    RTC_Alarm_IRQHandler                     0x0800b513   Thumb Code     0  startup_stm32f4xx.o(.text)
    RTC_WKUP_IRQHandler                      0x0800b513   Thumb Code     0  startup_stm32f4xx.o(.text)
    SDIO_IRQHandler                          0x0800b513   Thumb Code     0  startup_stm32f4xx.o(.text)
    SPI1_IRQHandler                          0x0800b513   Thumb Code     0  startup_stm32f4xx.o(.text)
    SPI2_IRQHandler                          0x0800b513   Thumb Code     0  startup_stm32f4xx.o(.text)
    SPI3_IRQHandler                          0x0800b513   Thumb Code     0  startup_stm32f4xx.o(.text)
    TAMP_STAMP_IRQHandler                    0x0800b513   Thumb Code     0  startup_stm32f4xx.o(.text)
    TIM1_BRK_TIM9_IRQHandler                 0x0800b513   Thumb Code     0  startup_stm32f4xx.o(.text)
    TIM1_CC_IRQHandler                       0x0800b513   Thumb Code     0  startup_stm32f4xx.o(.text)
    TIM1_TRG_COM_TIM11_IRQHandler            0x0800b513   Thumb Code     0  startup_stm32f4xx.o(.text)
    TIM1_UP_TIM10_IRQHandler                 0x0800b513   Thumb Code     0  startup_stm32f4xx.o(.text)
    TIM4_IRQHandler                          0x0800b513   Thumb Code     0  startup_stm32f4xx.o(.text)
    TIM5_IRQHandler                          0x0800b513   Thumb Code     0  startup_stm32f4xx.o(.text)
    TIM6_DAC_IRQHandler                      0x0800b513   Thumb Code     0  startup_stm32f4xx.o(.text)
    TIM7_IRQHandler                          0x0800b513   Thumb Code     0  startup_stm32f4xx.o(.text)
    TIM8_BRK_TIM12_IRQHandler                0x0800b513   Thumb Code     0  startup_stm32f4xx.o(.text)
    TIM8_CC_IRQHandler                       0x0800b513   Thumb Code     0  startup_stm32f4xx.o(.text)
    TIM8_TRG_COM_TIM14_IRQHandler            0x0800b513   Thumb Code     0  startup_stm32f4xx.o(.text)
    TIM8_UP_TIM13_IRQHandler                 0x0800b513   Thumb Code     0  startup_stm32f4xx.o(.text)
    UART4_IRQHandler                         0x0800b513   Thumb Code     0  startup_stm32f4xx.o(.text)
    UART5_IRQHandler                         0x0800b513   Thumb Code     0  startup_stm32f4xx.o(.text)
    USART1_IRQHandler                        0x0800b513   Thumb Code     0  startup_stm32f4xx.o(.text)
    USART3_IRQHandler                        0x0800b513   Thumb Code     0  startup_stm32f4xx.o(.text)
    USART6_IRQHandler                        0x0800b513   Thumb Code     0  startup_stm32f4xx.o(.text)
    WWDG_IRQHandler                          0x0800b513   Thumb Code     0  startup_stm32f4xx.o(.text)
    OS_TaskStatStkChk                        0x0800b51d   Thumb Code    54  os_core.o(.text)
    OS_TaskStat                              0x0800b553   Thumb Code   144  os_core.o(.text)
    OS_TaskIdle                              0x0800b617   Thumb Code    34  os_core.o(.text)
    OS_MemClr                                0x0800b66d   Thumb Code    18  os_core.o(.text)
    OSInit                                   0x0800b78d   Thumb Code    48  os_core.o(.text)
    OSIntEnter                               0x0800b7bd   Thumb Code    28  os_core.o(.text)
    OSIntExit                                0x0800b7f3   Thumb Code   112  os_core.o(.text)
    OSSchedLock                              0x0800b863   Thumb Code    50  os_core.o(.text)
    OS_Sched                                 0x0800b895   Thumb Code    88  os_core.o(.text)
    OSSchedUnlock                            0x0800b8ed   Thumb Code   238  os_core.o(.text)
    OSStart                                  0x0800b9db   Thumb Code    48  os_core.o(.text)
    OSStatInit                               0x0800ba0b   Thumb Code    64  os_core.o(.text)
    OSTimeTick                               0x0800ba4b   Thumb Code   210  os_core.o(.text)
    OSVersion                                0x0800bb1d   Thumb Code     6  os_core.o(.text)
    OS_Dummy                                 0x0800bb23   Thumb Code     2  os_core.o(.text)
    OS_EventTaskRemove                       0x0800bb25   Thumb Code    42  os_core.o(.text)
    OS_EventTaskRdy                          0x0800bb4f   Thumb Code   114  os_core.o(.text)
    OS_EventTaskWait                         0x0800bbc1   Thumb Code   112  os_core.o(.text)
    OS_EventWaitListInit                     0x0800bc31   Thumb Code    28  os_core.o(.text)
    OS_MemCopy                               0x0800bc4d   Thumb Code    20  os_core.o(.text)
    OS_StrLen                                0x0800bc61   Thumb Code    20  os_core.o(.text)
    OS_TCBInit                               0x0800bc75   Thumb Code   292  os_core.o(.text)
    OSFlagAccept                             0x0800bddd   Thumb Code   252  os_flag.o(.text)
    OSFlagCreate                             0x0800bed9   Thumb Code    86  os_flag.o(.text)
    OS_FlagUnlink                            0x0800bf2f   Thumb Code    36  os_flag.o(.text)
    OSFlagDel                                0x0800bfa5   Thumb Code   214  os_flag.o(.text)
    OSFlagNameGet                            0x0800c07b   Thumb Code    80  os_flag.o(.text)
    OSFlagNameSet                            0x0800c0cb   Thumb Code    66  os_flag.o(.text)
    OSFlagPend                               0x0800c1a5   Thumb Code   614  os_flag.o(.text)
    OSFlagPendGetFlagsRdy                    0x0800c40b   Thumb Code    26  os_flag.o(.text)
    OSFlagPost                               0x0800c425   Thumb Code   312  os_flag.o(.text)
    OSFlagQuery                              0x0800c55d   Thumb Code    48  os_flag.o(.text)
    OS_FlagInit                              0x0800c58d   Thumb Code    78  os_flag.o(.text)
    OSMemCreate                              0x0800c5e9   Thumb Code   118  os_mem.o(.text)
    OSMemGet                                 0x0800c65f   Thumb Code    62  os_mem.o(.text)
    OSMemNameGet                             0x0800c69d   Thumb Code    60  os_mem.o(.text)
    OSMemNameSet                             0x0800c6d9   Thumb Code    48  os_mem.o(.text)
    OSMemPut                                 0x0800c709   Thumb Code    54  os_mem.o(.text)
    OSMemQuery                               0x0800c73f   Thumb Code    52  os_mem.o(.text)
    OS_MemInit                               0x0800c773   Thumb Code    74  os_mem.o(.text)
    OSQAccept                                0x0800c7cd   Thumb Code    88  os_q.o(.text)
    OSQCreate                                0x0800c825   Thumb Code   140  os_q.o(.text)
    OSQDel                                   0x0800c8b1   Thumb Code   236  os_q.o(.text)
    OSQFlush                                 0x0800c99d   Thumb Code    36  os_q.o(.text)
    OSQPend                                  0x0800c9c1   Thumb Code   272  os_q.o(.text)
    OSQPendAbort                             0x0800cad1   Thumb Code   128  os_q.o(.text)
    OSQPost                                  0x0800cb51   Thumb Code   114  os_q.o(.text)
    OSQPostFront                             0x0800cbc3   Thumb Code   136  os_q.o(.text)
    OSQPostOpt                               0x0800cc4b   Thumb Code   182  os_q.o(.text)
    OSQQuery                                 0x0800cd01   Thumb Code    98  os_q.o(.text)
    OS_QInit                                 0x0800cd63   Thumb Code    72  os_q.o(.text)
    OSSemAccept                              0x0800cdb5   Thumb Code    42  os_sem.o(.text)
    OSSemCreate                              0x0800cddf   Thumb Code    68  os_sem.o(.text)
    OSSemDel                                 0x0800ce23   Thumb Code   200  os_sem.o(.text)
    OSSemPend                                0x0800ceeb   Thumb Code   222  os_sem.o(.text)
    OSSemPendAbort                           0x0800cfc9   Thumb Code   128  os_sem.o(.text)
    OSSemPost                                0x0800d049   Thumb Code    88  os_sem.o(.text)
    OSSemQuery                               0x0800d0a1   Thumb Code    76  os_sem.o(.text)
    OSSemSet                                 0x0800d0ed   Thumb Code    66  os_sem.o(.text)
    OSTaskChangePrio                         0x0800d141   Thumb Code   308  os_task.o(.text)
    OSTaskCreate                             0x0800d275   Thumb Code   148  os_task.o(.text)
    OS_TaskStkClr                            0x0800d309   Thumb Code    26  os_task.o(.text)
    OSTaskCreateExt                          0x0800d323   Thumb Code   170  os_task.o(.text)
    OSTaskDel                                0x0800d3cd   Thumb Code   294  os_task.o(.text)
    OSTaskDelReq                             0x0800d4f3   Thumb Code   144  os_task.o(.text)
    OSTaskNameGet                            0x0800d583   Thumb Code   114  os_task.o(.text)
    OSTaskNameSet                            0x0800d5f5   Thumb Code    98  os_task.o(.text)
    OSTaskResume                             0x0800d657   Thumb Code   154  os_task.o(.text)
    OSTaskStkChk                             0x0800d6f1   Thumb Code   128  os_task.o(.text)
    OSTaskSuspend                            0x0800d771   Thumb Code   152  os_task.o(.text)
    OSTaskQuery                              0x0800d809   Thumb Code    82  os_task.o(.text)
    OSTaskRegGet                             0x0800d85b   Thumb Code    60  os_task.o(.text)
    OSTaskRegSet                             0x0800d897   Thumb Code    62  os_task.o(.text)
    OS_TaskReturn                            0x0800d8d5   Thumb Code    18  os_task.o(.text)
    OSTimeDly                                0x0800d901   Thumb Code   100  os_time.o(.text)
    OSTimeDlyHMSM                            0x0800d965   Thumb Code    84  os_time.o(.text)
    OSTimeDlyResume                          0x0800d9b9   Thumb Code   168  os_time.o(.text)
    OSTimeGet                                0x0800da61   Thumb Code    24  os_time.o(.text)
    OSTimeSet                                0x0800da79   Thumb Code    24  os_time.o(.text)
    OS_CPU_SR_Save                           0x0800daad   Thumb Code     0  os_cpu_a.o(.text)
    OS_CPU_SR_Restore                        0x0800dab5   Thumb Code     0  os_cpu_a.o(.text)
    OSStartHighRdy                           0x0800dabb   Thumb Code     0  os_cpu_a.o(.text)
    OSCtxSw                                  0x0800dadb   Thumb Code     0  os_cpu_a.o(.text)
    OSIntCtxSw                               0x0800dae5   Thumb Code     0  os_cpu_a.o(.text)
    PendSV_Handler                           0x0800daef   Thumb Code     0  os_cpu_a.o(.text)
    OSInitHookBegin                          0x0800db5d   Thumb Code     2  os_cpu_c.o(.text)
    OSTaskReturnHook                         0x0800db5f   Thumb Code     2  os_cpu_c.o(.text)
    OSInitHookEnd                            0x0800db61   Thumb Code     2  os_cpu_c.o(.text)
    OSTaskCreateHook                         0x0800db63   Thumb Code     2  os_cpu_c.o(.text)
    OSTaskDelHook                            0x0800db65   Thumb Code     2  os_cpu_c.o(.text)
    OSTaskIdleHook                           0x0800db67   Thumb Code     2  os_cpu_c.o(.text)
    OSTaskStatHook                           0x0800db69   Thumb Code     2  os_cpu_c.o(.text)
    OSTaskStkInit                            0x0800db6b   Thumb Code   482  os_cpu_c.o(.text)
    OSTaskSwHook                             0x0800dd4d   Thumb Code     2  os_cpu_c.o(.text)
    OSTCBInitHook                            0x0800dd4f   Thumb Code     2  os_cpu_c.o(.text)
    OSTimeTickHook                           0x0800dd51   Thumb Code     2  os_cpu_c.o(.text)
    SysTick_Handler                          0x0800dd53   Thumb Code    44  os_cpu_c.o(.text)
    OS_CPU_SysTickInit                       0x0800dd7f   Thumb Code    86  os_cpu_c.o(.text)
    __aeabi_memcpy                           0x0800dde5   Thumb Code    36  memcpya.o(.text)
    __aeabi_memcpy4                          0x0800dde5   Thumb Code     0  memcpya.o(.text)
    __aeabi_memcpy8                          0x0800dde5   Thumb Code     0  memcpya.o(.text)
    __aeabi_memset                           0x0800de09   Thumb Code    14  memseta.o(.text)
    __aeabi_memset4                          0x0800de09   Thumb Code     0  memseta.o(.text)
    __aeabi_memset8                          0x0800de09   Thumb Code     0  memseta.o(.text)
    __aeabi_memclr                           0x0800de17   Thumb Code     4  memseta.o(.text)
    __aeabi_memclr4                          0x0800de17   Thumb Code     0  memseta.o(.text)
    __aeabi_memclr8                          0x0800de17   Thumb Code     0  memseta.o(.text)
    _memset$wrapper                          0x0800de1b   Thumb Code    18  memseta.o(.text)
    strlen                                   0x0800de2d   Thumb Code    14  strlen.o(.text)
    strcpy                                   0x0800de3b   Thumb Code    18  strcpy.o(.text)
    __aeabi_dadd                             0x0800de4d   Thumb Code   322  dadd.o(.text)
    __aeabi_dsub                             0x0800df8f   Thumb Code     6  dadd.o(.text)
    __aeabi_drsub                            0x0800df95   Thumb Code     6  dadd.o(.text)
    __aeabi_dmul                             0x0800df9b   Thumb Code   228  dmul.o(.text)
    __aeabi_ddiv                             0x0800e07f   Thumb Code   222  ddiv.o(.text)
    __aeabi_i2d                              0x0800e15d   Thumb Code    34  dflti.o(.text)
    __aeabi_d2iz                             0x0800e17f   Thumb Code    62  dfixi.o(.text)
    __aeabi_d2uiz                            0x0800e1bd   Thumb Code    50  dfixui.o(.text)
    __aeabi_f2d                              0x0800e1ef   Thumb Code    38  f2d.o(.text)
    __aeabi_cdcmpeq                          0x0800e215   Thumb Code     0  cdcmple.o(.text)
    __aeabi_cdcmple                          0x0800e215   Thumb Code    48  cdcmple.o(.text)
    __aeabi_cdrcmple                         0x0800e245   Thumb Code    48  cdrcmple.o(.text)
    __aeabi_d2f                              0x0800e275   Thumb Code    56  d2f.o(.text)
    __aeabi_uidiv                            0x0800e2ad   Thumb Code     0  uidiv.o(.text)
    __aeabi_uidivmod                         0x0800e2ad   Thumb Code    44  uidiv.o(.text)
    __aeabi_uldivmod                         0x0800e2d9   Thumb Code    98  uldiv.o(.text)
    __aeabi_llsl                             0x0800e33b   Thumb Code    30  llshl.o(.text)
    _ll_shift_l                              0x0800e33b   Thumb Code     0  llshl.o(.text)
    __aeabi_llsr                             0x0800e359   Thumb Code    32  llushr.o(.text)
    _ll_ushift_r                             0x0800e359   Thumb Code     0  llushr.o(.text)
    __aeabi_lasr                             0x0800e379   Thumb Code    36  llsshr.o(.text)
    _ll_sshift_r                             0x0800e379   Thumb Code     0  llsshr.o(.text)
    __strtod_int                             0x0800e3d3   Thumb Code    90  strtod.o(.text)
    __I$use$fp                               0x0800e439   Thumb Code     0  iusefp.o(.text)
    _float_round                             0x0800e439   Thumb Code    18  fepilogue.o(.text)
    _float_epilogue                          0x0800e44b   Thumb Code    92  fepilogue.o(.text)
    _frem                                    0x0800e4a7   Thumb Code    82  frem.o(.text)
    _double_round                            0x0800e4f9   Thumb Code    30  depilogue.o(.text)
    _double_epilogue                         0x0800e517   Thumb Code   156  depilogue.o(.text)
    __aeabi_d2ulz                            0x0800e5b3   Thumb Code    48  dfixul.o(.text)
    __scatterload                            0x0800e5e5   Thumb Code    28  init.o(.text)
    __scatterload_rt2                        0x0800e5e5   Thumb Code     0  init.o(.text)
    isspace                                  0x0800e609   Thumb Code    10  isspace_c.o(.text)
    _scanf_real                              0x0800e73d   Thumb Code     0  scanf_fp.o(.text)
    _scanf_really_real                       0x0800e73d   Thumb Code   556  scanf_fp.o(.text)
    _sgetc                                   0x0800e975   Thumb Code    30  _sgetc.o(.text)
    _sbackspace                              0x0800e993   Thumb Code    34  _sgetc.o(.text)
    __ctype_lookup                           0x0800e9b5   Thumb Code    34  ctype_c.o(.text)
    __aeabi_ul2d                             0x0800e9dd   Thumb Code    24  dfltul.o(.text)
    __decompress                             0x0800e9f5   Thumb Code     0  __dczerorl2.o(.text)
    __decompress1                            0x0800e9f5   Thumb Code    86  __dczerorl2.o(.text)
    __0sprintf                               0x0800ea4d   Thumb Code    34  printfa.o(i.__0sprintf)
    __1sprintf                               0x0800ea4d   Thumb Code     0  printfa.o(i.__0sprintf)
    __2sprintf                               0x0800ea4d   Thumb Code     0  printfa.o(i.__0sprintf)
    __c89sprintf                             0x0800ea4d   Thumb Code     0  printfa.o(i.__0sprintf)
    sprintf                                  0x0800ea4d   Thumb Code     0  printfa.o(i.__0sprintf)
    __hardfp_atof                            0x0800ea79   Thumb Code    44  atof.o(i.__hardfp_atof)
    __hardfp_fmodf                           0x0800eab1   Thumb Code   176  fmodf.o(i.__hardfp_fmodf)
    __mathlib_flt_invalid                    0x0800eb61   Thumb Code    10  funder.o(i.__mathlib_flt_invalid)
    __read_errno                             0x0800eb71   Thumb Code     6  errno.o(i.__read_errno)
    __scatterload_copy                       0x0800eb7d   Thumb Code    14  handlers.o(i.__scatterload_copy)
    __scatterload_null                       0x0800eb8b   Thumb Code     2  handlers.o(i.__scatterload_null)
    __scatterload_zeroinit                   0x0800eb8d   Thumb Code    14  handlers.o(i.__scatterload_zeroinit)
    __set_errno                              0x0800eb9d   Thumb Code     6  errno.o(i.__set_errno)
    _is_digit                                0x0800ed2d   Thumb Code    14  scanf_fp.o(i._is_digit)
    fmodf                                    0x0800f475   Thumb Code    20  fmodf.o(i.fmodf)
    free                                     0x0800f489   Thumb Code    76  malloc.o(i.free)
    malloc                                   0x0800f4d9   Thumb Code    92  malloc.o(i.malloc)
    LED_table                                0x0800f544   Data          18  led8.o(.constdata)
    OSUnMapTbl                               0x0800f556   Data         256  os_core.o(.constdata)
    __ctype_categories                       0x0800f656   Data          64  ctype_c.o(.constdata)
    Region$$Table$$Base                      0x0800f698   Number         0  anon$$obj.o(Region$$Table)
    Region$$Table$$Limit                     0x0800f6b8   Number         0  anon$$obj.o(Region$$Table)
    RUN                                      0x20000000   Data           4  main.o(.data)
    u16TempData                              0x20000014   Data           8  can1.o(.data)
    Error                                    0x20000020   Data           8  param.o(.data)
    interface                                0x20000028   Data           1  usart2.o(.data)
    USART2_RX_STA                            0x20000029   Data           1  usart2.o(.data)
    DJ2006angle_gap                          0x20000030   Data           4  usart2.o(.data)
    TakeArrowPosition                        0x20000034   Data           4  usart2.o(.data)
    EC_4P_22                                 0x20000040   Data           8  elmo.o(.data)
    U10                                      0x20000048   Data           8  elmo.o(.data)
    U8                                       0x20000050   Data           8  elmo.o(.data)
    U5                                       0x20000058   Data           8  elmo.o(.data)
    U10instrin                               0x20000060   Data           8  vesc.o(.data)
    SunnySkyinstrin                          0x20000068   Data           8  vesc.o(.data)
    U8instrin                                0x20000070   Data           8  vesc.o(.data)
    U5instrin                                0x20000078   Data           8  vesc.o(.data)
    Can_Procedure                            0x20000084   Data           3  queue.o(.data)
    CanSendCount                             0x20000087   Data           1  queue.o(.data)
    Can1_Tx_NoMailBox                        0x20000088   Data           4  queue.o(.data)
    Can2_Tx_NoMailBox                        0x2000008c   Data           4  queue.o(.data)
    Beep_Count                               0x20000090   Data           1  beep.o(.data)
    tune                                     0x20000094   Data         432  beep.o(.data)
    duration                                 0x20000244   Data         428  beep.o(.data)
    length                                   0x200003f0   Data           4  beep.o(.data)
    SystemCoreClock                          0x20000404   Data           4  system_stm32f4xx.o(.data)
    AHBPrescTable                            0x20000408   Data          16  system_stm32f4xx.o(.data)
    OSCtxSwCtr                               0x20000418   Data           4  os_core.o(.data)
    OSEventFreeList                          0x2000041c   Data           4  os_core.o(.data)
    OSFlagFreeList                           0x20000420   Data           4  os_core.o(.data)
    OSCPUUsage                               0x20000424   Data           1  os_core.o(.data)
    OSIdleCtrMax                             0x20000428   Data           4  os_core.o(.data)
    OSIdleCtrRun                             0x2000042c   Data           4  os_core.o(.data)
    OSStatRdy                                0x20000430   Data           1  os_core.o(.data)
    OSIntNesting                             0x20000431   Data           1  os_core.o(.data)
    OSLockNesting                            0x20000432   Data           1  os_core.o(.data)
    OSPrioCur                                0x20000433   Data           1  os_core.o(.data)
    OSPrioHighRdy                            0x20000434   Data           1  os_core.o(.data)
    OSRdyGrp                                 0x20000435   Data           1  os_core.o(.data)
    OSRdyTbl                                 0x20000436   Data           8  os_core.o(.data)
    OSRunning                                0x2000043e   Data           1  os_core.o(.data)
    OSTaskCtr                                0x2000043f   Data           1  os_core.o(.data)
    OSIdleCtr                                0x20000440   Data           4  os_core.o(.data)
    OSTCBCur                                 0x20000444   Data           4  os_core.o(.data)
    OSTCBFreeList                            0x20000448   Data           4  os_core.o(.data)
    OSTCBHighRdy                             0x2000044c   Data           4  os_core.o(.data)
    OSTCBList                                0x20000450   Data           4  os_core.o(.data)
    OSTickStepState                          0x20000454   Data           1  os_core.o(.data)
    OSMemFreeList                            0x20000458   Data           4  os_core.o(.data)
    OSQFreeList                              0x2000045c   Data           4  os_core.o(.data)
    OSTime                                   0x20000460   Data           4  os_core.o(.data)
    tick_ms                                  0x20000464   Data           4  os_cpu_c.o(.data)
    __microlib_freelist                      0x20000468   Data           4  mvars.o(.data)
    __microlib_freelist_initialised          0x2000046c   Data           4  mvars.o(.data)
    START_TASK_STK                           0x20000478   Data        1024  main.o(.bss)
    ZERO_TASK_STK                            0x20000878   Data         256  main.o(.bss)
    LCD_TASK_STK                             0x20000978   Data        2048  main.o(.bss)
    ELMO_TASK_STK                            0x20001178   Data        2048  main.o(.bss)
    TAKEARROW_TASK_STK                       0x20001978   Data         512  main.o(.bss)
    PICKUPARROW_TASK_STK                     0x20001b78   Data         512  main.o(.bss)
    SHOOTING_TASK_STK                        0x20001d78   Data         512  main.o(.bss)
    ERROR_TASK_STK                           0x20001f78   Data         512  main.o(.bss)
    VISUALSCOPE_TASK_STK                     0x20002178   Data         512  main.o(.bss)
    VESC_TASK_STK                            0x20002378   Data        2048  main.o(.bss)
    BEEP_TASK_STK                            0x20002b78   Data         256  main.o(.bss)
    flag                                     0x20002cdc   Data          23  param.o(.bss)
    usart                                    0x20002cf3   Data         640  param.o(.bss)
    str_temp                                 0x20002f73   Data          32  usart2.o(.bss)
    M3508instrin                             0x20002f94   Data          16  motor.o(.bss)
    M2006instrin                             0x20002fa4   Data          16  motor.o(.bss)
    Motorlimit                               0x20002fb4   Data          20  motor.o(.bss)
    Motorargum                               0x20002fc8   Data          28  motor.o(.bss)
    motor                                    0x20002fe4   Data        1728  motor.o(.bss)
    ELMOlimit                                0x200036a4   Data         100  elmo.o(.bss)
    ELMOargum                                0x20003708   Data          20  elmo.o(.bss)
    ELMOmotor                                0x2000371c   Data         400  elmo.o(.bss)
    VESClimit                                0x200038ac   Data          20  vesc.o(.bss)
    VESCargum                                0x200038c0   Data          28  vesc.o(.bss)
    VESCmotor                                0x200038dc   Data         960  vesc.o(.bss)
    Can_Sendtruct                            0x20003c9c   Data          16  queue.o(.bss)
    Can1_MesgSendList                        0x20003cac   Data        3024  queue.o(.bss)
    Can2_MesgSendList                        0x2000487c   Data        3024  queue.o(.bss)
    Can1_Sendqueue                           0x2000544c   Data         484  queue.o(.bss)
    Can2_Sendqueue                           0x20005630   Data         484  queue.o(.bss)
    VESC_Sendqueue                           0x20005814   Data         484  queue.o(.bss)
    DataScope_OutPut_Buffer                  0x200059f8   Data          42  visualscope.o(.bss)
    IIR_flt                                  0x20005a24   Data          12  filter.o(.bss)
    kal_filter                               0x20005a30   Data          44  filter.o(.bss)
    OSEventTbl                               0x20005a5c   Data         300  os_core.o(.bss)
    OSFlagTbl                                0x20005b88   Data          80  os_core.o(.bss)
    OSTaskStatStk                            0x20005bd8   Data         512  os_core.o(.bss)
    OSTaskIdleStk                            0x20005dd8   Data         512  os_core.o(.bss)
    OSTCBPrioTbl                             0x20005fd8   Data         256  os_core.o(.bss)
    OSTCBTbl                                 0x200060d8   Data        5208  os_core.o(.bss)
    OSMemTbl                                 0x20007530   Data         120  os_core.o(.bss)
    OSQTbl                                   0x200075a8   Data          96  os_core.o(.bss)
    __heap_base                              0x20007608   Data           0  startup_stm32f4xx.o(HEAP)
    __heap_limit                             0x20009e08   Data           0  startup_stm32f4xx.o(HEAP)
    __initial_sp                             0x2000a208   Data           0  startup_stm32f4xx.o(STACK)



==============================================================================

Memory Map of the image

  Image Entry point : 0x08000189

  Load Region LR_IROM1 (Base: 0x08000000, Size: 0x0000fb2c, Max: 0x00100000, ABSOLUTE, COMPRESSED[0x0000f76c])

    Execution Region ER_IROM1 (Exec base: 0x08000000, Load base: 0x08000000, Size: 0x0000f6b8, Max: 0x00100000, ABSOLUTE)

    Exec Addr    Load Addr    Size         Type   Attr      Idx    E Section Name        Object

    0x08000000   0x08000000   0x00000188   Data   RO         1305    RESET               startup_stm32f4xx.o
    0x08000188   0x08000188   0x00000000   Code   RO         1510  * .ARM.Collect$$$$00000000  mc_w.l(entry.o)
    0x08000188   0x08000188   0x00000004   Code   RO         1848    .ARM.Collect$$$$00000001  mc_w.l(entry2.o)
    0x0800018c   0x0800018c   0x00000004   Code   RO         1851    .ARM.Collect$$$$00000004  mc_w.l(entry5.o)
    0x08000190   0x08000190   0x00000000   Code   RO         1853    .ARM.Collect$$$$00000008  mc_w.l(entry7b.o)
    0x08000190   0x08000190   0x00000000   Code   RO         1855    .ARM.Collect$$$$0000000A  mc_w.l(entry8b.o)
    0x08000190   0x08000190   0x00000008   Code   RO         1856    .ARM.Collect$$$$0000000B  mc_w.l(entry9a.o)
    0x08000198   0x08000198   0x00000000   Code   RO         1858    .ARM.Collect$$$$0000000D  mc_w.l(entry10a.o)
    0x08000198   0x08000198   0x00000000   Code   RO         1860    .ARM.Collect$$$$0000000F  mc_w.l(entry11a.o)
    0x08000198   0x08000198   0x00000004   Code   RO         1849    .ARM.Collect$$$$00002712  mc_w.l(entry2.o)
    0x0800019c   0x0800019c   0x00000010   Code   RO         1008    .emb_text           sys.o
    0x080001ac   0x080001ac   0x00000734   Code   RO            4    .text               main.o
    0x080008e0   0x080008e0   0x00000408   Code   RO          213    .text               can1.o
    0x08000ce8   0x08000ce8   0x000007e0   Code   RO          255    .text               can2.o
    0x080014c8   0x080014c8   0x00000070   Code   RO          281    .text               tim1.o
    0x08001538   0x08001538   0x0000036c   Code   RO          334    .text               tim2.o
    0x080018a4   0x080018a4   0x00000218   Code   RO          358    .text               tim3.o
    0x08001abc   0x08001abc   0x00000098   Code   RO          389    .text               led8.o
    0x08001b54   0x08001b54   0x00000090   Code   RO          422    .text               led.o
    0x08001be4   0x08001be4   0x00000188   Code   RO          485    .text               param.o
    0x08001d6c   0x08001d6c   0x00000120   Code   RO          516    .text               usart1.o
    0x08001e8c   0x08001e8c   0x00002d60   Code   RO          540    .text               usart2.o
    0x08004bec   0x08004bec   0x00000082   Code   RO          578    .text               pid.o
    0x08004c6e   0x08004c6e   0x00000002   PAD
    0x08004c70   0x08004c70   0x000013cc   Code   RO          608    .text               motor.o
    0x0800603c   0x0800603c   0x000010d8   Code   RO          638    .text               elmo.o
    0x08007114   0x08007114   0x00000960   Code   RO          669    .text               vesc.o
    0x08007a74   0x08007a74   0x00000034   Code   RO          700    .text               valve.o
    0x08007aa8   0x08007aa8   0x0000013c   Code   RO          751    .text               queue.o
    0x08007be4   0x08007be4   0x000003d0   Code   RO          786    .text               canctrllist.o
    0x08007fb4   0x08007fb4   0x00000158   Code   RO          810    .text               visualscope.o
    0x0800810c   0x0800810c   0x000000fa   Code   RO          831    .text               buffer.o
    0x08008206   0x08008206   0x00000036   Code   RO          855    .text               delay.o
    0x0800823c   0x0800823c   0x000000f0   Code   RO          879    .text               beep.o
    0x0800832c   0x0800832c   0x000002dc   Code   RO          921    .text               filter.o
    0x08008608   0x08008608   0x00000148   Code   RO          951    .text               dma.o
    0x08008750   0x08008750   0x00000458   Code   RO         1009    .text               sys.o
    0x08008ba8   0x08008ba8   0x000000e0   Code   RO         1036    .text               misc.o
    0x08008c88   0x08008c88   0x000009f0   Code   RO         1060    .text               stm32f4xx_can.o
    0x08009678   0x08009678   0x000003a8   Code   RO         1087    .text               stm32f4xx_dma.o
    0x08009a20   0x08009a20   0x0000025c   Code   RO         1138    .text               stm32f4xx_gpio.o
    0x08009c7c   0x08009c7c   0x00000588   Code   RO         1162    .text               stm32f4xx_rcc.o
    0x0800a204   0x0800a204   0x00000ca2   Code   RO         1188    .text               stm32f4xx_tim.o
    0x0800aea6   0x0800aea6   0x00000002   PAD
    0x0800aea8   0x0800aea8   0x0000041a   Code   RO         1212    .text               stm32f4xx_usart.o
    0x0800b2c2   0x0800b2c2   0x00000024   Code   RO         1239    .text               stm32f4xx_it_1.o
    0x0800b2e6   0x0800b2e6   0x00000002   PAD
    0x0800b2e8   0x0800b2e8   0x00000210   Code   RO         1266    .text               system_stm32f4xx.o
    0x0800b4f8   0x0800b4f8   0x00000024   Code   RO         1306    .text               startup_stm32f4xx.o
    0x0800b51c   0x0800b51c   0x000008c0   Code   RO         1310    .text               os_core.o
    0x0800bddc   0x0800bddc   0x0000080c   Code   RO         1336    .text               os_flag.o
    0x0800c5e8   0x0800c5e8   0x000001e4   Code   RO         1364    .text               os_mem.o
    0x0800c7cc   0x0800c7cc   0x000005e8   Code   RO         1388    .text               os_q.o
    0x0800cdb4   0x0800cdb4   0x0000038c   Code   RO         1400    .text               os_sem.o
    0x0800d140   0x0800d140   0x000007c0   Code   RO         1412    .text               os_task.o
    0x0800d900   0x0800d900   0x000001ac   Code   RO         1424    .text               os_time.o
    0x0800daac   0x0800daac   0x000000b0   Code   RO         1442    .text               os_cpu_a.o
    0x0800db5c   0x0800db5c   0x00000288   Code   RO         1448    .text               os_cpu_c.o
    0x0800dde4   0x0800dde4   0x00000024   Code   RO         1513    .text               mc_w.l(memcpya.o)
    0x0800de08   0x0800de08   0x00000024   Code   RO         1515    .text               mc_w.l(memseta.o)
    0x0800de2c   0x0800de2c   0x0000000e   Code   RO         1517    .text               mc_w.l(strlen.o)
    0x0800de3a   0x0800de3a   0x00000012   Code   RO         1519    .text               mc_w.l(strcpy.o)
    0x0800de4c   0x0800de4c   0x0000014e   Code   RO         1812    .text               mf_w.l(dadd.o)
    0x0800df9a   0x0800df9a   0x000000e4   Code   RO         1814    .text               mf_w.l(dmul.o)
    0x0800e07e   0x0800e07e   0x000000de   Code   RO         1816    .text               mf_w.l(ddiv.o)
    0x0800e15c   0x0800e15c   0x00000022   Code   RO         1820    .text               mf_w.l(dflti.o)
    0x0800e17e   0x0800e17e   0x0000003e   Code   RO         1822    .text               mf_w.l(dfixi.o)
    0x0800e1bc   0x0800e1bc   0x00000032   Code   RO         1824    .text               mf_w.l(dfixui.o)
    0x0800e1ee   0x0800e1ee   0x00000026   Code   RO         1826    .text               mf_w.l(f2d.o)
    0x0800e214   0x0800e214   0x00000030   Code   RO         1828    .text               mf_w.l(cdcmple.o)
    0x0800e244   0x0800e244   0x00000030   Code   RO         1830    .text               mf_w.l(cdrcmple.o)
    0x0800e274   0x0800e274   0x00000038   Code   RO         1832    .text               mf_w.l(d2f.o)
    0x0800e2ac   0x0800e2ac   0x0000002c   Code   RO         1865    .text               mc_w.l(uidiv.o)
    0x0800e2d8   0x0800e2d8   0x00000062   Code   RO         1867    .text               mc_w.l(uldiv.o)
    0x0800e33a   0x0800e33a   0x0000001e   Code   RO         1869    .text               mc_w.l(llshl.o)
    0x0800e358   0x0800e358   0x00000020   Code   RO         1871    .text               mc_w.l(llushr.o)
    0x0800e378   0x0800e378   0x00000024   Code   RO         1873    .text               mc_w.l(llsshr.o)
    0x0800e39c   0x0800e39c   0x0000009c   Code   RO         1884    .text               mc_w.l(strtod.o)
    0x0800e438   0x0800e438   0x00000000   Code   RO         1886    .text               mc_w.l(iusefp.o)
    0x0800e438   0x0800e438   0x0000006e   Code   RO         1887    .text               mf_w.l(fepilogue.o)
    0x0800e4a6   0x0800e4a6   0x00000052   Code   RO         1889    .text               mf_w.l(frem.o)
    0x0800e4f8   0x0800e4f8   0x000000ba   Code   RO         1891    .text               mf_w.l(depilogue.o)
    0x0800e5b2   0x0800e5b2   0x00000030   Code   RO         1893    .text               mf_w.l(dfixul.o)
    0x0800e5e2   0x0800e5e2   0x00000002   PAD
    0x0800e5e4   0x0800e5e4   0x00000024   Code   RO         1895    .text               mc_w.l(init.o)
    0x0800e608   0x0800e608   0x0000000a   Code   RO         1898    .text               mc_w.l(isspace_c.o)
    0x0800e612   0x0800e612   0x00000002   PAD
    0x0800e614   0x0800e614   0x00000360   Code   RO         1900    .text               mc_w.l(scanf_fp.o)
    0x0800e974   0x0800e974   0x00000040   Code   RO         1904    .text               mc_w.l(_sgetc.o)
    0x0800e9b4   0x0800e9b4   0x00000028   Code   RO         1907    .text               mc_w.l(ctype_c.o)
    0x0800e9dc   0x0800e9dc   0x00000018   Code   RO         1910    .text               mf_w.l(dfltul.o)
    0x0800e9f4   0x0800e9f4   0x00000056   Code   RO         1920    .text               mc_w.l(__dczerorl2.o)
    0x0800ea4a   0x0800ea4a   0x00000002   PAD
    0x0800ea4c   0x0800ea4c   0x00000028   Code   RO         1758    i.__0sprintf        mc_w.l(printfa.o)
    0x0800ea74   0x0800ea74   0x00000004   PAD
    0x0800ea78   0x0800ea78   0x00000038   Code   RO         1492    i.__hardfp_atof     m_wm.l(atof.o)
    0x0800eab0   0x0800eab0   0x000000b0   Code   RO         1498    i.__hardfp_fmodf    m_wm.l(fmodf.o)
    0x0800eb60   0x0800eb60   0x00000010   Code   RO         1837    i.__mathlib_flt_invalid  m_wm.l(funder.o)
    0x0800eb70   0x0800eb70   0x0000000c   Code   RO         1878    i.__read_errno      mc_w.l(errno.o)
    0x0800eb7c   0x0800eb7c   0x0000000e   Code   RO         1914    i.__scatterload_copy  mc_w.l(handlers.o)
    0x0800eb8a   0x0800eb8a   0x00000002   Code   RO         1915    i.__scatterload_null  mc_w.l(handlers.o)
    0x0800eb8c   0x0800eb8c   0x0000000e   Code   RO         1916    i.__scatterload_zeroinit  mc_w.l(handlers.o)
    0x0800eb9a   0x0800eb9a   0x00000002   PAD
    0x0800eb9c   0x0800eb9c   0x0000000c   Code   RO         1879    i.__set_errno       mc_w.l(errno.o)
    0x0800eba8   0x0800eba8   0x00000184   Code   RO         1763    i._fp_digits        mc_w.l(printfa.o)
    0x0800ed2c   0x0800ed2c   0x0000000e   Code   RO         1902    i._is_digit         mc_w.l(scanf_fp.o)
    0x0800ed3a   0x0800ed3a   0x00000002   PAD
    0x0800ed3c   0x0800ed3c   0x000006dc   Code   RO         1764    i._printf_core      mc_w.l(printfa.o)
    0x0800f418   0x0800f418   0x00000024   Code   RO         1765    i._printf_post_padding  mc_w.l(printfa.o)
    0x0800f43c   0x0800f43c   0x0000002e   Code   RO         1766    i._printf_pre_padding  mc_w.l(printfa.o)
    0x0800f46a   0x0800f46a   0x0000000a   Code   RO         1768    i._sputc            mc_w.l(printfa.o)
    0x0800f474   0x0800f474   0x00000014   Code   RO         1500    i.fmodf             m_wm.l(fmodf.o)
    0x0800f488   0x0800f488   0x00000050   Code   RO         1784    i.free              mc_w.l(malloc.o)
    0x0800f4d8   0x0800f4d8   0x0000006c   Code   RO         1785    i.malloc            mc_w.l(malloc.o)
    0x0800f544   0x0800f544   0x00000012   Data   RO          390    .constdata          led8.o
    0x0800f556   0x0800f556   0x00000100   Data   RO         1312    .constdata          os_core.o
    0x0800f656   0x0800f656   0x00000040   Data   RO         1908    .constdata          mc_w.l(ctype_c.o)
    0x0800f696   0x0800f696   0x00000002   PAD
    0x0800f698   0x0800f698   0x00000020   Data   RO         1912    Region$$Table       anon$$obj.o


    Execution Region RW_IRAM1 (Exec base: 0x20000000, Load base: 0x0800f6b8, Size: 0x0000a208, Max: 0x00020000, ABSOLUTE, COMPRESSED[0x000000b4])

    Exec Addr    Load Addr    Size         Type   Attr      Idx    E Section Name        Object

    0x20000000   COMPRESSED   0x0000000c   Data   RW            6    .data               main.o
    0x2000000c   COMPRESSED   0x00000012   Data   RW          215    .data               can1.o
    0x2000001e   COMPRESSED   0x00000002   PAD
    0x20000020   COMPRESSED   0x00000008   Data   RW          487    .data               param.o
    0x20000028   COMPRESSED   0x00000018   Data   RW          542    .data               usart2.o
    0x20000040   COMPRESSED   0x00000020   Data   RW          640    .data               elmo.o
    0x20000060   COMPRESSED   0x00000024   Data   RW          671    .data               vesc.o
    0x20000084   COMPRESSED   0x0000000c   Data   RW          753    .data               queue.o
    0x20000090   COMPRESSED   0x00000364   Data   RW          880    .data               beep.o
    0x200003f4   COMPRESSED   0x00000010   Data   RW         1163    .data               stm32f4xx_rcc.o
    0x20000404   COMPRESSED   0x00000014   Data   RW         1267    .data               system_stm32f4xx.o
    0x20000418   COMPRESSED   0x0000004c   Data   RW         1313    .data               os_core.o
    0x20000464   COMPRESSED   0x00000004   Data   RW         1449    .data               os_cpu_c.o
    0x20000468   COMPRESSED   0x00000004   Data   RW         1875    .data               mc_w.l(mvars.o)
    0x2000046c   COMPRESSED   0x00000004   Data   RW         1876    .data               mc_w.l(mvars.o)
    0x20000470   COMPRESSED   0x00000004   Data   RW         1880    .data               mc_w.l(errno.o)
    0x20000474   COMPRESSED   0x00000004   PAD
    0x20000478        -       0x00002828   Zero   RW            5    .bss                main.o
    0x20002ca0        -       0x00000014   Zero   RW          214    .bss                can1.o
    0x20002cb4        -       0x00000028   Zero   RW          256    .bss                can2.o
    0x20002cdc        -       0x00000297   Zero   RW          486    .bss                param.o
    0x20002f73        -       0x00000020   Zero   RW          541    .bss                usart2.o
    0x20002f93   COMPRESSED   0x00000001   PAD
    0x20002f94        -       0x00000710   Zero   RW          609    .bss                motor.o
    0x200036a4        -       0x00000208   Zero   RW          639    .bss                elmo.o
    0x200038ac        -       0x000003f0   Zero   RW          670    .bss                vesc.o
    0x20003c9c        -       0x00001d5c   Zero   RW          752    .bss                queue.o
    0x200059f8        -       0x0000002a   Zero   RW          811    .bss                visualscope.o
    0x20005a22   COMPRESSED   0x00000002   PAD
    0x20005a24        -       0x00000038   Zero   RW          922    .bss                filter.o
    0x20005a5c        -       0x00001bac   Zero   RW         1311    .bss                os_core.o
    0x20007608        -       0x00002800   Zero   RW         1304    HEAP                startup_stm32f4xx.o
    0x20009e08        -       0x00000400   Zero   RW         1303    STACK               startup_stm32f4xx.o


==============================================================================

Image component sizes


      Code (inc. data)   RO Data    RW Data    ZI Data      Debug   Object Name

       240         38          0        868          0       1684   beep.o
       250          0          0          0          0       2795   buffer.o
      1032         38          0         18         20       2693   can1.o
      2016         36          0          0         40       3033   can2.o
       976          8          0          0          0       2159   canctrllist.o
        54          0          0          0          0        836   delay.o
       328         12          0          0          0      14180   dma.o
      4312        100          0         32        520       7505   elmo.o
       732         38          0          0         56       2961   filter.o
       144          6          0          0          0     208197   led.o
       152         10         18          0          0       7805   led8.o
      1844        180          0         12      10280     314576   main.o
       224         20          0          0          0       2041   misc.o
      5068        130          0          0       1808       4756   motor.o
      2240        216        256         76       7084      16538   os_core.o
       176         32          0          0          0        332   os_cpu_a.o
       648         16          0          4          0      42269   os_cpu_c.o
      2060         42          0          0          0      15159   os_flag.o
       484         16          0          0          0       3368   os_mem.o
      1512         30          0          0          0       5853   os_q.o
       908         18          0          0          0       4126   os_sem.o
      1984         70          0          0          0       7961   os_task.o
       428         28          0          0          0       1914   os_time.o
       392         16          0          8        663       4973   param.o
       130          0          0          0          0       1609   pid.o
       316         30          0         12       7516       3629   queue.o
        36          8        392          0      11264        864   startup_stm32f4xx.o
      2544         38          0          0          0      16708   stm32f4xx_can.o
       936         32          0          0          0       6621   stm32f4xx_dma.o
       604         36          0          0          0       4349   stm32f4xx_gpio.o
        36          0          0          0          0       1207   stm32f4xx_it_1.o
      1416         48          0         16          0      11331   stm32f4xx_rcc.o
      3234         60          0          0          0      23240   stm32f4xx_tim.o
      1050         26          0          0          0      14092   stm32f4xx_usart.o
      1128         46          0          0          0       4332   sys.o
       528         46          0         20          0       1987   system_stm32f4xx.o
       112          6          0          0          0     242756   tim1.o
       876         18          0          0          0       1504   tim2.o
       536         40          0          0          0        996   tim3.o
       288         30          0          0          0       1219   usart1.o
     11616        444          0         24         32      41622   usart2.o
        52          4          0          0          0        566   valve.o
      2400        120          0         36       1008       7234   vesc.o
       344         28          0          0         42       2210   visualscope.o

    ----------------------------------------------------------------------
     56392       2160        698       1128      40336    1065790   Object Totals
         0          0         32          0          0          0   (incl. Generated)
         6          0          0          2          3          0   (incl. Padding)

    ----------------------------------------------------------------------

      Code (inc. data)   RO Data    RW Data    ZI Data      Debug   Library Member Name

        56         12          0          0          0        132   atof.o
       196          0          0          0          0        292   fmodf.o
        16          6          0          0          0        116   funder.o
        86          0          0          0          0          0   __dczerorl2.o
        64          0          0          0          0         84   _sgetc.o
        40          6         64          0          0         68   ctype_c.o
         0          0          0          0          0          0   entry.o
         0          0          0          0          0          0   entry10a.o
         0          0          0          0          0          0   entry11a.o
         8          4          0          0          0          0   entry2.o
         4          0          0          0          0          0   entry5.o
         0          0          0          0          0          0   entry7b.o
         0          0          0          0          0          0   entry8b.o
         8          4          0          0          0          0   entry9a.o
        24         12          0          4          0        136   errno.o
        30          0          0          0          0          0   handlers.o
        36          8          0          0          0         68   init.o
        10          0          0          0          0         68   isspace_c.o
         0          0          0          0          0          0   iusefp.o
        30          0          0          0          0         68   llshl.o
        36          0          0          0          0         68   llsshr.o
        32          0          0          0          0         68   llushr.o
       188         20          0          0          0        160   malloc.o
        36          0          0          0          0         68   memcpya.o
        36          0          0          0          0        108   memseta.o
         0          0          0          8          0          0   mvars.o
      2276         86          0          0          0        520   printfa.o
       878         12          0          0          0        216   scanf_fp.o
        18          0          0          0          0         68   strcpy.o
        14          0          0          0          0         68   strlen.o
       156         12          0          0          0        120   strtod.o
        44          0          0          0          0         80   uidiv.o
        98          0          0          0          0         92   uldiv.o
        48          0          0          0          0         68   cdcmple.o
        48          0          0          0          0         68   cdrcmple.o
        56          0          0          0          0         88   d2f.o
       334          0          0          0          0        148   dadd.o
       222          0          0          0          0        100   ddiv.o
       186          0          0          0          0        176   depilogue.o
        62          0          0          0          0         80   dfixi.o
        50          0          0          0          0         76   dfixui.o
        48          0          0          0          0         68   dfixul.o
        34          0          0          0          0         76   dflti.o
        24          0          0          0          0         76   dfltul.o
       228          0          0          0          0         96   dmul.o
        38          0          0          0          0         68   f2d.o
       110          0          0          0          0        168   fepilogue.o
        82          0          0          0          0         96   frem.o

    ----------------------------------------------------------------------
      6004        186         66         12          4       4120   Library Totals
        14          4          2          0          4          0   (incl. Padding)

    ----------------------------------------------------------------------

      Code (inc. data)   RO Data    RW Data    ZI Data      Debug   Library Name

       268         18          0          0          0        540   m_wm.l
      4152        164         64         12          0       2128   mc_w.l
      1570          0          0          0          0       1452   mf_w.l

    ----------------------------------------------------------------------
      6004        186         66         12          4       4120   Library Totals

    ----------------------------------------------------------------------

==============================================================================


      Code (inc. data)   RO Data    RW Data    ZI Data      Debug   

     62396       2346        764       1140      40340    1059670   Grand Totals
     62396       2346        764        180      40340    1059670   ELF Image Totals (compressed)
     62396       2346        764        180          0          0   ROM Totals

==============================================================================

    Total RO  Size (Code + RO Data)                63160 (  61.68kB)
    Total RW  Size (RW Data + ZI Data)             41480 (  40.51kB)
    Total ROM Size (Code + RO Data + RW Data)      63340 (  61.86kB)

==============================================================================

